[coreui.io/demo/dark/index.html]
[backblue.gif]
[fade.gif]
[index.html]
[coreui.io/demo/dark/vendors/@coreui/icons/css/coreui-icons.min.css]
[coreui.io/demo/dark/vendors/flag-icon-css/css/flag-icon.min.css]
[coreui.io/demo/dark/vendors/font-awesome/css/font-awesome.min.css]
[coreui.io/demo/dark/vendors/simple-line-icons/css/simple-line-icons.css]
[coreui.io/demo/dark/css/style.css]
[coreui.io/demo/dark/vendors/pace-progress/css/pace.min.css]
[www.google-analytics.com/analytics.js]
[coreui.io/demo/dark/img/brand/logo.svg]
[coreui.io/demo/dark/img/brand/sygnet.svg]
[coreui.io/demo/dark/img/avatars/7.jpg]
[coreui.io/demo/dark/img/avatars/6.jpg]
[coreui.io/demo/dark/img/avatars/5.jpg]
[coreui.io/demo/dark/img/avatars/4.jpg]
[coreui.io/demo/dark/main.html]
[coreui.io/demo/dark/colors.html]
[coreui.io/demo/dark/typography.html]
[coreui.io/demo/dark/base/breadcrumb.html]
[coreui.io/demo/dark/base/cards.html]
[coreui.io/demo/dark/base/carousel.html]
[coreui.io/demo/dark/base/collapse.html]
[coreui.io/demo/dark/base/jumbotron.html]
[coreui.io/demo/dark/base/list-group.html]
[coreui.io/demo/dark/base/navs.html]
[coreui.io/demo/dark/base/pagination.html]
[coreui.io/demo/dark/base/popovers.html]
[coreui.io/demo/dark/base/progress.html]
[coreui.io/demo/dark/base/scrollspy.html]
[coreui.io/demo/dark/base/switches.html]
[coreui.io/demo/dark/base/tabs.html]
[coreui.io/demo/dark/base/tooltips.html]
[coreui.io/demo/dark/buttons/buttons.html]
[coreui.io/demo/dark/buttons/brand-buttons.html]
[coreui.io/demo/dark/buttons/button-group.html]
[coreui.io/demo/dark/buttons/dropdowns.html]
[coreui.io/demo/dark/buttons/loading-buttons.html]
[coreui.io/demo/dark/charts.html]
[coreui.io/demo/dark/editors/code-editor.html]
[coreui.io/demo/dark/editors/markdown-editor.html]
[coreui.io/demo/dark/editors/text-editor.html]
[coreui.io/demo/dark/forms/basic-forms.html]
[coreui.io/demo/dark/forms/advanced-forms.html]
[coreui.io/demo/dark/forms/validation.html]
[coreui.io/demo/dark/google-maps.html]
[coreui.io/demo/dark/icons/coreui-icons.html]
[coreui.io/demo/dark/icons/flags.html]
[coreui.io/demo/dark/icons/font-awesome.html]
[coreui.io/demo/dark/icons/simple-line-icons.html]
[coreui.io/demo/dark/notifications/alerts.html]
[coreui.io/demo/dark/notifications/badge.html]
[coreui.io/demo/dark/notifications/modals.html]
[coreui.io/demo/dark/notifications/toastr.html]
[coreui.io/demo/dark/plugins/calendar.html]
[coreui.io/demo/dark/plugins/draggable-cards.html]
[coreui.io/demo/dark/plugins/sliders.html]
[coreui.io/demo/dark/plugins/spinners.html]
[coreui.io/demo/dark/tables/tables.html]
[coreui.io/demo/dark/tables/datatables.html]
[coreui.io/demo/dark/widgets.html]
[coreui.io/demo/dark/login.html]
[coreui.io/demo/dark/register.html]
[coreui.io/demo/dark/404.html]
[coreui.io/demo/dark/500.html]
[coreui.io/demo/dark/apps/invoicing/invoice.html]
[coreui.io/demo/dark/apps/email/inbox.html]
[coreui.io/demo/dark/apps/email/message.html]
[coreui.io/demo/dark/apps/email/compose.html]
[coreui.io/demo/dark/img/avatars/2.jpg]
[coreui.io/demo/dark/img/avatars/3.jpg]
[coreui.io/demo/dark/img/avatars/8.jpg]
[coreui.io/demo/dark/vendors/jquery/js/jquery.min.js]
[coreui.io/demo/dark/vendors/popper.js/js/popper.min.js]
[coreui.io/demo/dark/vendors/bootstrap/js/bootstrap.min.js]
[coreui.io/demo/dark/vendors/pace-progress/js/pace.min.js]
[coreui.io/demo/dark/vendors/perfect-scrollbar/js/perfect-scrollbar.min.js]
[coreui.io/demo/dark/index.html]
[coreui.io/demo/dark/vendors/@coreui/coreui-pro/js/coreui.min.js]
[coreui.io/demo/dark/vendors/@coreui/icons/fonts/CoreUI-Icons-Linear-Free9738.eot]
[coreui.io/demo/dark/vendors/@coreui/icons/fonts/CoreUI-Icons-Linear-Free9738.ttf]
[coreui.io/demo/dark/vendors/@coreui/icons/fonts/CoreUI-Icons-Linear-Free9738.woff]
[coreui.io/demo/dark/vendors/@coreui/icons/css/coreui-icons.min.css]
[coreui.io/demo/dark/vendors/@coreui/icons/fonts/CoreUI-Icons-Linear-Free9738.svg]
[coreui.io/demo/dark/vendors/flag-icon-css/flags/4x3/ad.svg]
[coreui.io/demo/dark/vendors/flag-icon-css/flags/1x1/ad.svg]
[coreui.io/demo/dark/vendors/flag-icon-css/flags/4x3/ae.svg]
[coreui.io/demo/dark/vendors/flag-icon-css/flags/1x1/ae.svg]
[coreui.io/demo/dark/vendors/flag-icon-css/flags/4x3/af.svg]
[coreui.io/demo/dark/vendors/flag-icon-css/flags/1x1/af.svg]
[coreui.io/demo/dark/vendors/flag-icon-css/flags/4x3/ag.svg]
[coreui.io/demo/dark/vendors/flag-icon-css/flags/1x1/ag.svg]
[coreui.io/demo/dark/vendors/flag-icon-css/flags/4x3/ai.svg]
[coreui.io/demo/dark/vendors/flag-icon-css/flags/1x1/ai.svg]
[coreui.io/demo/dark/vendors/flag-icon-css/flags/4x3/al.svg]
[coreui.io/demo/dark/vendors/flag-icon-css/flags/1x1/al.svg]
[coreui.io/demo/dark/vendors/flag-icon-css/flags/4x3/am.svg]
[coreui.io/demo/dark/vendors/flag-icon-css/flags/1x1/am.svg]
[coreui.io/demo/dark/vendors/flag-icon-css/flags/4x3/ao.svg]
[coreui.io/demo/dark/vendors/flag-icon-css/flags/1x1/ao.svg]
[coreui.io/demo/dark/vendors/flag-icon-css/flags/4x3/aq.svg]
[coreui.io/demo/dark/vendors/flag-icon-css/flags/1x1/aq.svg]
[coreui.io/demo/dark/vendors/flag-icon-css/flags/4x3/ar.svg]
[coreui.io/demo/dark/vendors/flag-icon-css/flags/1x1/ar.svg]
[coreui.io/demo/dark/vendors/flag-icon-css/flags/4x3/as.svg]
[coreui.io/demo/dark/vendors/flag-icon-css/flags/1x1/as.svg]
[coreui.io/demo/dark/vendors/flag-icon-css/flags/4x3/at.svg]
[coreui.io/demo/dark/vendors/flag-icon-css/flags/1x1/at.svg]
[coreui.io/demo/dark/vendors/flag-icon-css/flags/4x3/au.svg]
[coreui.io/demo/dark/vendors/flag-icon-css/flags/1x1/au.svg]
[coreui.io/demo/dark/vendors/flag-icon-css/flags/4x3/aw.svg]
[coreui.io/demo/dark/vendors/flag-icon-css/flags/1x1/aw.svg]
[coreui.io/demo/dark/vendors/flag-icon-css/flags/4x3/ax.svg]
[coreui.io/demo/dark/vendors/flag-icon-css/flags/1x1/ax.svg]
[coreui.io/demo/dark/vendors/flag-icon-css/flags/4x3/az.svg]
[coreui.io/demo/dark/vendors/flag-icon-css/flags/1x1/az.svg]
[coreui.io/demo/dark/vendors/flag-icon-css/flags/4x3/ba.svg]
[coreui.io/demo/dark/vendors/flag-icon-css/flags/1x1/ba.svg]
[coreui.io/demo/dark/vendors/flag-icon-css/flags/4x3/bb.svg]
[coreui.io/demo/dark/vendors/flag-icon-css/flags/1x1/bb.svg]
[coreui.io/demo/dark/vendors/flag-icon-css/flags/4x3/bd.svg]
[coreui.io/demo/dark/vendors/flag-icon-css/flags/1x1/bd.svg]
[coreui.io/demo/dark/vendors/flag-icon-css/flags/4x3/be.svg]
[coreui.io/demo/dark/vendors/flag-icon-css/flags/1x1/be.svg]
[coreui.io/demo/dark/vendors/flag-icon-css/flags/4x3/bf.svg]
[coreui.io/demo/dark/vendors/flag-icon-css/flags/1x1/bf.svg]
[coreui.io/demo/dark/vendors/flag-icon-css/flags/4x3/bg.svg]
[coreui.io/demo/dark/vendors/flag-icon-css/flags/1x1/bg.svg]
[coreui.io/demo/dark/vendors/flag-icon-css/flags/4x3/bh.svg]
[coreui.io/demo/dark/vendors/flag-icon-css/flags/1x1/bh.svg]
[coreui.io/demo/dark/vendors/flag-icon-css/flags/4x3/bi.svg]
[coreui.io/demo/dark/vendors/flag-icon-css/flags/1x1/bi.svg]
[coreui.io/demo/dark/vendors/flag-icon-css/flags/4x3/bj.svg]
[coreui.io/demo/dark/vendors/flag-icon-css/flags/1x1/bj.svg]
[coreui.io/demo/dark/vendors/flag-icon-css/flags/4x3/bl.svg]
[coreui.io/demo/dark/vendors/flag-icon-css/flags/1x1/bl.svg]
[coreui.io/demo/dark/vendors/flag-icon-css/flags/4x3/bm.svg]
[coreui.io/demo/dark/vendors/flag-icon-css/flags/1x1/bm.svg]
[coreui.io/demo/dark/vendors/flag-icon-css/flags/4x3/bn.svg]
[coreui.io/demo/dark/vendors/flag-icon-css/flags/1x1/bn.svg]
[coreui.io/demo/dark/vendors/flag-icon-css/flags/4x3/bo.svg]
[coreui.io/demo/dark/vendors/flag-icon-css/flags/1x1/bo.svg]
[coreui.io/demo/dark/vendors/flag-icon-css/flags/4x3/bq.svg]
[coreui.io/demo/dark/vendors/flag-icon-css/flags/1x1/bq.svg]
[coreui.io/demo/dark/vendors/flag-icon-css/flags/4x3/br.svg]
[coreui.io/demo/dark/vendors/flag-icon-css/flags/1x1/br.svg]
[coreui.io/demo/dark/vendors/flag-icon-css/flags/4x3/bs.svg]
[coreui.io/demo/dark/vendors/flag-icon-css/flags/1x1/bs.svg]
[coreui.io/demo/dark/vendors/flag-icon-css/flags/4x3/bt.svg]
[coreui.io/demo/dark/vendors/flag-icon-css/flags/1x1/bt.svg]
[coreui.io/demo/dark/vendors/flag-icon-css/flags/4x3/bv.svg]
[coreui.io/demo/dark/vendors/flag-icon-css/flags/1x1/bv.svg]
[coreui.io/demo/dark/vendors/flag-icon-css/flags/4x3/bw.svg]
[coreui.io/demo/dark/vendors/flag-icon-css/flags/1x1/bw.svg]
[coreui.io/demo/dark/vendors/flag-icon-css/flags/4x3/by.svg]
[coreui.io/demo/dark/vendors/flag-icon-css/flags/1x1/by.svg]
[coreui.io/demo/dark/vendors/flag-icon-css/flags/4x3/bz.svg]
[coreui.io/demo/dark/vendors/flag-icon-css/flags/1x1/bz.svg]
[coreui.io/demo/dark/vendors/flag-icon-css/flags/4x3/ca.svg]
[coreui.io/demo/dark/vendors/flag-icon-css/flags/1x1/ca.svg]
[coreui.io/demo/dark/vendors/flag-icon-css/flags/4x3/cc.svg]
[coreui.io/demo/dark/vendors/flag-icon-css/flags/1x1/cc.svg]
[coreui.io/demo/dark/vendors/flag-icon-css/flags/4x3/cd.svg]
[coreui.io/demo/dark/vendors/flag-icon-css/flags/1x1/cd.svg]
[coreui.io/demo/dark/vendors/flag-icon-css/flags/4x3/cf.svg]
[coreui.io/demo/dark/vendors/flag-icon-css/flags/1x1/cf.svg]
[coreui.io/demo/dark/vendors/flag-icon-css/flags/4x3/cg.svg]
[coreui.io/demo/dark/vendors/flag-icon-css/flags/1x1/cg.svg]
[coreui.io/demo/dark/vendors/flag-icon-css/flags/4x3/ch.svg]
[coreui.io/demo/dark/vendors/flag-icon-css/flags/1x1/ch.svg]
[coreui.io/demo/dark/vendors/flag-icon-css/flags/4x3/ci.svg]
[coreui.io/demo/dark/vendors/flag-icon-css/flags/1x1/ci.svg]
[coreui.io/demo/dark/vendors/flag-icon-css/flags/4x3/ck.svg]
[coreui.io/demo/dark/vendors/flag-icon-css/flags/1x1/ck.svg]
[coreui.io/demo/dark/vendors/flag-icon-css/flags/4x3/cl.svg]
[coreui.io/demo/dark/vendors/flag-icon-css/flags/1x1/cl.svg]
[coreui.io/demo/dark/vendors/flag-icon-css/flags/4x3/cm.svg]
[coreui.io/demo/dark/vendors/flag-icon-css/flags/1x1/cm.svg]
[coreui.io/demo/dark/vendors/flag-icon-css/flags/4x3/cn.svg]
[coreui.io/demo/dark/vendors/flag-icon-css/flags/1x1/cn.svg]
[coreui.io/demo/dark/vendors/flag-icon-css/flags/4x3/co.svg]
[coreui.io/demo/dark/vendors/flag-icon-css/flags/1x1/co.svg]
[coreui.io/demo/dark/vendors/flag-icon-css/flags/4x3/cr.svg]
[coreui.io/demo/dark/vendors/flag-icon-css/flags/1x1/cr.svg]
[coreui.io/demo/dark/vendors/flag-icon-css/flags/4x3/cu.svg]
[coreui.io/demo/dark/vendors/flag-icon-css/flags/1x1/cu.svg]
[coreui.io/demo/dark/vendors/flag-icon-css/flags/4x3/cv.svg]
[coreui.io/demo/dark/vendors/flag-icon-css/flags/1x1/cv.svg]
[coreui.io/demo/dark/vendors/flag-icon-css/flags/4x3/cw.svg]
[coreui.io/demo/dark/vendors/flag-icon-css/flags/1x1/cw.svg]
[coreui.io/demo/dark/vendors/flag-icon-css/flags/4x3/cx.svg]
[coreui.io/demo/dark/vendors/flag-icon-css/flags/1x1/cx.svg]
[coreui.io/demo/dark/vendors/flag-icon-css/flags/4x3/cy.svg]
[coreui.io/demo/dark/vendors/flag-icon-css/flags/1x1/cy.svg]
[coreui.io/demo/dark/vendors/flag-icon-css/flags/4x3/cz.svg]
[coreui.io/demo/dark/vendors/flag-icon-css/flags/1x1/cz.svg]
[coreui.io/demo/dark/vendors/flag-icon-css/flags/4x3/de.svg]
[coreui.io/demo/dark/vendors/flag-icon-css/flags/1x1/de.svg]
[coreui.io/demo/dark/vendors/flag-icon-css/flags/4x3/dj.svg]
[coreui.io/demo/dark/vendors/flag-icon-css/flags/1x1/dj.svg]
[coreui.io/demo/dark/vendors/flag-icon-css/flags/4x3/dk.svg]
[coreui.io/demo/dark/vendors/flag-icon-css/flags/1x1/dk.svg]
[coreui.io/demo/dark/vendors/flag-icon-css/flags/4x3/dm.svg]
[coreui.io/demo/dark/vendors/flag-icon-css/flags/1x1/dm.svg]
[coreui.io/demo/dark/vendors/flag-icon-css/flags/4x3/do.svg]
[coreui.io/demo/dark/vendors/flag-icon-css/flags/1x1/do.svg]
[coreui.io/demo/dark/vendors/flag-icon-css/flags/4x3/dz.svg]
[coreui.io/demo/dark/vendors/flag-icon-css/flags/1x1/dz.svg]
[coreui.io/demo/dark/vendors/flag-icon-css/flags/4x3/ec.svg]
[coreui.io/demo/dark/vendors/flag-icon-css/flags/1x1/ec.svg]
[coreui.io/demo/dark/vendors/flag-icon-css/flags/4x3/ee.svg]
[coreui.io/demo/dark/vendors/flag-icon-css/flags/1x1/ee.svg]
[coreui.io/demo/dark/vendors/flag-icon-css/flags/4x3/eg.svg]
[coreui.io/demo/dark/vendors/flag-icon-css/flags/1x1/eg.svg]
[coreui.io/demo/dark/vendors/flag-icon-css/flags/4x3/eh.svg]
[coreui.io/demo/dark/vendors/flag-icon-css/flags/1x1/eh.svg]
[coreui.io/demo/dark/vendors/flag-icon-css/flags/4x3/er.svg]
[coreui.io/demo/dark/vendors/flag-icon-css/flags/1x1/er.svg]
[coreui.io/demo/dark/vendors/flag-icon-css/flags/4x3/es.svg]
[coreui.io/demo/dark/vendors/flag-icon-css/flags/1x1/es.svg]
[coreui.io/demo/dark/vendors/flag-icon-css/flags/4x3/et.svg]
[coreui.io/demo/dark/vendors/flag-icon-css/flags/1x1/et.svg]
[coreui.io/demo/dark/vendors/flag-icon-css/flags/4x3/fi.svg]
[coreui.io/demo/dark/vendors/flag-icon-css/flags/1x1/fi.svg]
[coreui.io/demo/dark/vendors/flag-icon-css/flags/4x3/fj.svg]
[coreui.io/demo/dark/vendors/flag-icon-css/flags/1x1/fj.svg]
[coreui.io/demo/dark/vendors/flag-icon-css/flags/4x3/fk.svg]
[coreui.io/demo/dark/vendors/flag-icon-css/flags/1x1/fk.svg]
[coreui.io/demo/dark/vendors/flag-icon-css/flags/4x3/fm.svg]
[coreui.io/demo/dark/vendors/flag-icon-css/flags/1x1/fm.svg]
[coreui.io/demo/dark/vendors/flag-icon-css/flags/4x3/fo.svg]
[coreui.io/demo/dark/vendors/flag-icon-css/flags/1x1/fo.svg]
[coreui.io/demo/dark/vendors/flag-icon-css/flags/4x3/fr.svg]
[coreui.io/demo/dark/vendors/flag-icon-css/flags/1x1/fr.svg]
[coreui.io/demo/dark/vendors/flag-icon-css/flags/4x3/ga.svg]
[coreui.io/demo/dark/vendors/flag-icon-css/flags/1x1/ga.svg]
[coreui.io/demo/dark/vendors/flag-icon-css/flags/4x3/gb.svg]
[coreui.io/demo/dark/vendors/flag-icon-css/flags/1x1/gb.svg]
[coreui.io/demo/dark/vendors/flag-icon-css/flags/4x3/gd.svg]
[coreui.io/demo/dark/vendors/flag-icon-css/flags/1x1/gd.svg]
[coreui.io/demo/dark/vendors/flag-icon-css/flags/4x3/ge.svg]
[coreui.io/demo/dark/vendors/flag-icon-css/flags/1x1/ge.svg]
[coreui.io/demo/dark/vendors/flag-icon-css/flags/4x3/gf.svg]
[coreui.io/demo/dark/vendors/flag-icon-css/flags/1x1/gf.svg]
[coreui.io/demo/dark/vendors/flag-icon-css/flags/4x3/gg.svg]
[coreui.io/demo/dark/vendors/flag-icon-css/flags/1x1/gg.svg]
[coreui.io/demo/dark/vendors/flag-icon-css/flags/4x3/gh.svg]
[coreui.io/demo/dark/vendors/flag-icon-css/flags/1x1/gh.svg]
[coreui.io/demo/dark/vendors/flag-icon-css/flags/4x3/gi.svg]
[coreui.io/demo/dark/vendors/flag-icon-css/flags/1x1/gi.svg]
[coreui.io/demo/dark/vendors/flag-icon-css/flags/4x3/gl.svg]
[coreui.io/demo/dark/vendors/flag-icon-css/flags/1x1/gl.svg]
[coreui.io/demo/dark/vendors/flag-icon-css/flags/4x3/gm.svg]
[coreui.io/demo/dark/vendors/flag-icon-css/flags/1x1/gm.svg]
[coreui.io/demo/dark/vendors/flag-icon-css/flags/4x3/gn.svg]
[coreui.io/demo/dark/vendors/flag-icon-css/flags/1x1/gn.svg]
[coreui.io/demo/dark/vendors/flag-icon-css/flags/4x3/gp.svg]
[coreui.io/demo/dark/vendors/flag-icon-css/flags/1x1/gp.svg]
[coreui.io/demo/dark/vendors/flag-icon-css/flags/4x3/gq.svg]
[coreui.io/demo/dark/vendors/flag-icon-css/flags/1x1/gq.svg]
[coreui.io/demo/dark/vendors/flag-icon-css/flags/4x3/gr.svg]
[coreui.io/demo/dark/vendors/flag-icon-css/flags/1x1/gr.svg]
[coreui.io/demo/dark/vendors/flag-icon-css/flags/4x3/gs.svg]
[coreui.io/demo/dark/vendors/flag-icon-css/flags/1x1/gs.svg]
[coreui.io/demo/dark/vendors/flag-icon-css/flags/4x3/gt.svg]
[coreui.io/demo/dark/vendors/flag-icon-css/flags/1x1/gt.svg]
[coreui.io/demo/dark/vendors/flag-icon-css/flags/4x3/gu.svg]
[coreui.io/demo/dark/vendors/flag-icon-css/flags/1x1/gu.svg]
[coreui.io/demo/dark/vendors/flag-icon-css/flags/4x3/gw.svg]
[coreui.io/demo/dark/vendors/flag-icon-css/flags/1x1/gw.svg]
[coreui.io/demo/dark/vendors/flag-icon-css/flags/4x3/gy.svg]
[coreui.io/demo/dark/vendors/flag-icon-css/flags/1x1/gy.svg]
[coreui.io/demo/dark/vendors/flag-icon-css/flags/4x3/hk.svg]
[coreui.io/demo/dark/vendors/flag-icon-css/flags/1x1/hk.svg]
[coreui.io/demo/dark/vendors/flag-icon-css/flags/4x3/hm.svg]
[coreui.io/demo/dark/vendors/flag-icon-css/flags/1x1/hm.svg]
[coreui.io/demo/dark/vendors/flag-icon-css/flags/4x3/hn.svg]
[coreui.io/demo/dark/vendors/flag-icon-css/flags/1x1/hn.svg]
[coreui.io/demo/dark/vendors/flag-icon-css/flags/4x3/hr.svg]
[coreui.io/demo/dark/vendors/flag-icon-css/flags/1x1/hr.svg]
[coreui.io/demo/dark/vendors/flag-icon-css/flags/4x3/ht.svg]
[coreui.io/demo/dark/vendors/flag-icon-css/flags/1x1/ht.svg]
[coreui.io/demo/dark/vendors/flag-icon-css/flags/4x3/hu.svg]
[coreui.io/demo/dark/vendors/flag-icon-css/flags/1x1/hu.svg]
[coreui.io/demo/dark/vendors/flag-icon-css/flags/4x3/id.svg]
[coreui.io/demo/dark/vendors/flag-icon-css/flags/1x1/id.svg]
[coreui.io/demo/dark/vendors/flag-icon-css/flags/4x3/ie.svg]
[coreui.io/demo/dark/vendors/flag-icon-css/flags/1x1/ie.svg]
[coreui.io/demo/dark/vendors/flag-icon-css/flags/4x3/il.svg]
[coreui.io/demo/dark/vendors/flag-icon-css/flags/1x1/il.svg]
[coreui.io/demo/dark/vendors/flag-icon-css/flags/4x3/im.svg]
[coreui.io/demo/dark/vendors/flag-icon-css/flags/1x1/im.svg]
[coreui.io/demo/dark/vendors/flag-icon-css/flags/4x3/in.svg]
[coreui.io/demo/dark/vendors/flag-icon-css/flags/1x1/in.svg]
[coreui.io/demo/dark/vendors/flag-icon-css/flags/4x3/io.svg]
[coreui.io/demo/dark/vendors/flag-icon-css/flags/1x1/io.svg]
[coreui.io/demo/dark/vendors/flag-icon-css/flags/4x3/iq.svg]
[coreui.io/demo/dark/vendors/flag-icon-css/flags/1x1/iq.svg]
[coreui.io/demo/dark/vendors/flag-icon-css/flags/4x3/ir.svg]
[coreui.io/demo/dark/vendors/flag-icon-css/flags/1x1/ir.svg]
[coreui.io/demo/dark/vendors/flag-icon-css/flags/4x3/is.svg]
[coreui.io/demo/dark/vendors/flag-icon-css/flags/1x1/is.svg]
[coreui.io/demo/dark/vendors/flag-icon-css/flags/4x3/it.svg]
[coreui.io/demo/dark/vendors/flag-icon-css/flags/1x1/it.svg]
[coreui.io/demo/dark/vendors/flag-icon-css/flags/4x3/je.svg]
[coreui.io/demo/dark/vendors/flag-icon-css/flags/1x1/je.svg]
[coreui.io/demo/dark/vendors/flag-icon-css/flags/4x3/jm.svg]
[coreui.io/demo/dark/vendors/flag-icon-css/flags/1x1/jm.svg]
[coreui.io/demo/dark/vendors/flag-icon-css/flags/4x3/jo.svg]
[coreui.io/demo/dark/vendors/flag-icon-css/flags/1x1/jo.svg]
[coreui.io/demo/dark/vendors/flag-icon-css/flags/4x3/jp.svg]
[coreui.io/demo/dark/vendors/flag-icon-css/flags/1x1/jp.svg]
[coreui.io/demo/dark/vendors/flag-icon-css/flags/4x3/ke.svg]
[coreui.io/demo/dark/vendors/flag-icon-css/flags/1x1/ke.svg]
[coreui.io/demo/dark/vendors/flag-icon-css/flags/4x3/kg.svg]
[coreui.io/demo/dark/vendors/flag-icon-css/flags/1x1/kg.svg]
[coreui.io/demo/dark/vendors/flag-icon-css/flags/4x3/kh.svg]
[coreui.io/demo/dark/vendors/flag-icon-css/flags/1x1/kh.svg]
[coreui.io/demo/dark/vendors/flag-icon-css/flags/4x3/ki.svg]
[coreui.io/demo/dark/vendors/flag-icon-css/flags/1x1/ki.svg]
[coreui.io/demo/dark/vendors/flag-icon-css/flags/4x3/km.svg]
[coreui.io/demo/dark/vendors/flag-icon-css/flags/1x1/km.svg]
[coreui.io/demo/dark/vendors/flag-icon-css/flags/4x3/kn.svg]
[coreui.io/demo/dark/vendors/flag-icon-css/flags/1x1/kn.svg]
[coreui.io/demo/dark/vendors/flag-icon-css/flags/4x3/kp.svg]
[coreui.io/demo/dark/vendors/flag-icon-css/flags/1x1/kp.svg]
[coreui.io/demo/dark/vendors/flag-icon-css/flags/4x3/kr.svg]
[coreui.io/demo/dark/vendors/flag-icon-css/flags/1x1/kr.svg]
[coreui.io/demo/dark/vendors/flag-icon-css/flags/4x3/kw.svg]
[coreui.io/demo/dark/vendors/flag-icon-css/flags/1x1/kw.svg]
[coreui.io/demo/dark/vendors/flag-icon-css/flags/4x3/ky.svg]
[coreui.io/demo/dark/vendors/flag-icon-css/flags/1x1/ky.svg]
[coreui.io/demo/dark/vendors/flag-icon-css/flags/4x3/kz.svg]
[coreui.io/demo/dark/vendors/flag-icon-css/flags/1x1/kz.svg]
[coreui.io/demo/dark/vendors/flag-icon-css/flags/4x3/la.svg]
[coreui.io/demo/dark/vendors/flag-icon-css/flags/1x1/la.svg]
[coreui.io/demo/dark/vendors/flag-icon-css/flags/4x3/lb.svg]
[coreui.io/demo/dark/vendors/flag-icon-css/flags/1x1/lb.svg]
[coreui.io/demo/dark/vendors/flag-icon-css/flags/4x3/lc.svg]
[coreui.io/demo/dark/vendors/flag-icon-css/flags/1x1/lc.svg]
[coreui.io/demo/dark/vendors/flag-icon-css/flags/4x3/li.svg]
[coreui.io/demo/dark/vendors/flag-icon-css/flags/1x1/li.svg]
[coreui.io/demo/dark/vendors/flag-icon-css/flags/4x3/lk.svg]
[coreui.io/demo/dark/vendors/flag-icon-css/flags/1x1/lk.svg]
[coreui.io/demo/dark/vendors/flag-icon-css/flags/4x3/lr.svg]
[coreui.io/demo/dark/vendors/flag-icon-css/flags/1x1/lr.svg]
[coreui.io/demo/dark/vendors/flag-icon-css/flags/4x3/ls.svg]
[coreui.io/demo/dark/vendors/flag-icon-css/flags/1x1/ls.svg]
[coreui.io/demo/dark/vendors/flag-icon-css/flags/4x3/lt.svg]
[coreui.io/demo/dark/vendors/flag-icon-css/flags/1x1/lt.svg]
[coreui.io/demo/dark/vendors/flag-icon-css/flags/4x3/lu.svg]
[coreui.io/demo/dark/vendors/flag-icon-css/flags/1x1/lu.svg]
[coreui.io/demo/dark/vendors/flag-icon-css/flags/4x3/lv.svg]
[coreui.io/demo/dark/vendors/flag-icon-css/flags/1x1/lv.svg]
[coreui.io/demo/dark/vendors/flag-icon-css/flags/4x3/ly.svg]
[coreui.io/demo/dark/vendors/flag-icon-css/flags/1x1/ly.svg]
[coreui.io/demo/dark/vendors/flag-icon-css/flags/4x3/ma.svg]
[coreui.io/demo/dark/vendors/flag-icon-css/flags/1x1/ma.svg]
[coreui.io/demo/dark/vendors/flag-icon-css/flags/4x3/mc.svg]
[coreui.io/demo/dark/vendors/flag-icon-css/flags/1x1/mc.svg]
[coreui.io/demo/dark/vendors/flag-icon-css/flags/4x3/md.svg]
[coreui.io/demo/dark/vendors/flag-icon-css/flags/1x1/md.svg]
[coreui.io/demo/dark/vendors/flag-icon-css/flags/4x3/me.svg]
[coreui.io/demo/dark/vendors/flag-icon-css/flags/1x1/me.svg]
[coreui.io/demo/dark/vendors/flag-icon-css/flags/4x3/mf.svg]
[coreui.io/demo/dark/vendors/flag-icon-css/flags/1x1/mf.svg]
[coreui.io/demo/dark/vendors/flag-icon-css/flags/4x3/mg.svg]
[coreui.io/demo/dark/vendors/flag-icon-css/flags/1x1/mg.svg]
[coreui.io/demo/dark/vendors/flag-icon-css/flags/4x3/mh.svg]
[coreui.io/demo/dark/vendors/flag-icon-css/flags/1x1/mh.svg]
[coreui.io/demo/dark/vendors/flag-icon-css/flags/4x3/mk.svg]
[coreui.io/demo/dark/vendors/flag-icon-css/flags/1x1/mk.svg]
[coreui.io/demo/dark/vendors/flag-icon-css/flags/4x3/ml.svg]
[coreui.io/demo/dark/vendors/flag-icon-css/flags/1x1/ml.svg]
[coreui.io/demo/dark/vendors/flag-icon-css/flags/4x3/mm.svg]
[coreui.io/demo/dark/vendors/flag-icon-css/flags/1x1/mm.svg]
[coreui.io/demo/dark/vendors/flag-icon-css/flags/4x3/mn.svg]
[coreui.io/demo/dark/vendors/flag-icon-css/flags/1x1/mn.svg]
[coreui.io/demo/dark/vendors/flag-icon-css/flags/4x3/mo.svg]
[coreui.io/demo/dark/vendors/flag-icon-css/flags/1x1/mo.svg]
[coreui.io/demo/dark/vendors/flag-icon-css/flags/4x3/mp.svg]
[coreui.io/demo/dark/vendors/flag-icon-css/flags/1x1/mp.svg]
[coreui.io/demo/dark/vendors/flag-icon-css/flags/4x3/mq.svg]
[coreui.io/demo/dark/vendors/flag-icon-css/flags/1x1/mq.svg]
[coreui.io/demo/dark/vendors/flag-icon-css/flags/4x3/mr.svg]
[coreui.io/demo/dark/vendors/flag-icon-css/flags/1x1/mr.svg]
[coreui.io/demo/dark/vendors/flag-icon-css/flags/4x3/ms.svg]
[coreui.io/demo/dark/vendors/flag-icon-css/flags/1x1/ms.svg]
[coreui.io/demo/dark/vendors/flag-icon-css/flags/4x3/mt.svg]
[coreui.io/demo/dark/vendors/flag-icon-css/flags/1x1/mt.svg]
[coreui.io/demo/dark/vendors/flag-icon-css/flags/4x3/mu.svg]
[coreui.io/demo/dark/vendors/flag-icon-css/flags/1x1/mu.svg]
[coreui.io/demo/dark/vendors/flag-icon-css/flags/4x3/mv.svg]
[coreui.io/demo/dark/vendors/flag-icon-css/flags/1x1/mv.svg]
[coreui.io/demo/dark/vendors/flag-icon-css/flags/4x3/mw.svg]
[coreui.io/demo/dark/vendors/flag-icon-css/flags/1x1/mw.svg]
[coreui.io/demo/dark/vendors/flag-icon-css/flags/4x3/mx.svg]
[coreui.io/demo/dark/vendors/flag-icon-css/flags/1x1/mx.svg]
[coreui.io/demo/dark/vendors/flag-icon-css/flags/4x3/my.svg]
[coreui.io/demo/dark/vendors/flag-icon-css/flags/1x1/my.svg]
[coreui.io/demo/dark/vendors/flag-icon-css/flags/4x3/mz.svg]
[coreui.io/demo/dark/vendors/flag-icon-css/flags/1x1/mz.svg]
[coreui.io/demo/dark/vendors/flag-icon-css/flags/4x3/na.svg]
[coreui.io/demo/dark/vendors/flag-icon-css/flags/1x1/na.svg]
[coreui.io/demo/dark/vendors/flag-icon-css/flags/4x3/nc.svg]
[coreui.io/demo/dark/vendors/flag-icon-css/flags/1x1/nc.svg]
[coreui.io/demo/dark/vendors/flag-icon-css/flags/4x3/ne.svg]
[coreui.io/demo/dark/vendors/flag-icon-css/flags/1x1/ne.svg]
[coreui.io/demo/dark/vendors/flag-icon-css/flags/4x3/nf.svg]
[coreui.io/demo/dark/vendors/flag-icon-css/flags/1x1/nf.svg]
[coreui.io/demo/dark/vendors/flag-icon-css/flags/4x3/ng.svg]
[coreui.io/demo/dark/vendors/flag-icon-css/flags/1x1/ng.svg]
[coreui.io/demo/dark/vendors/flag-icon-css/flags/4x3/ni.svg]
[coreui.io/demo/dark/vendors/flag-icon-css/flags/1x1/ni.svg]
[coreui.io/demo/dark/vendors/flag-icon-css/flags/4x3/nl.svg]
[coreui.io/demo/dark/vendors/flag-icon-css/flags/1x1/nl.svg]
[coreui.io/demo/dark/vendors/flag-icon-css/flags/4x3/no.svg]
[coreui.io/demo/dark/vendors/flag-icon-css/flags/1x1/no.svg]
[coreui.io/demo/dark/vendors/flag-icon-css/flags/4x3/np.svg]
[coreui.io/demo/dark/vendors/flag-icon-css/flags/1x1/np.svg]
[coreui.io/demo/dark/vendors/flag-icon-css/flags/4x3/nr.svg]
[coreui.io/demo/dark/vendors/flag-icon-css/flags/1x1/nr.svg]
[coreui.io/demo/dark/vendors/flag-icon-css/flags/4x3/nu.svg]
[coreui.io/demo/dark/vendors/flag-icon-css/flags/1x1/nu.svg]
[coreui.io/demo/dark/vendors/flag-icon-css/flags/4x3/nz.svg]
[coreui.io/demo/dark/vendors/flag-icon-css/flags/1x1/nz.svg]
[coreui.io/demo/dark/vendors/flag-icon-css/flags/4x3/om.svg]
[coreui.io/demo/dark/vendors/flag-icon-css/flags/1x1/om.svg]
[coreui.io/demo/dark/vendors/flag-icon-css/flags/4x3/pa.svg]
[coreui.io/demo/dark/vendors/flag-icon-css/flags/1x1/pa.svg]
[coreui.io/demo/dark/vendors/flag-icon-css/flags/4x3/pe.svg]
[coreui.io/demo/dark/vendors/flag-icon-css/flags/1x1/pe.svg]
[coreui.io/demo/dark/vendors/flag-icon-css/flags/4x3/pf.svg]
[coreui.io/demo/dark/vendors/flag-icon-css/flags/1x1/pf.svg]
[coreui.io/demo/dark/vendors/flag-icon-css/flags/4x3/pg.svg]
[coreui.io/demo/dark/vendors/flag-icon-css/flags/1x1/pg.svg]
[coreui.io/demo/dark/vendors/flag-icon-css/flags/4x3/ph.svg]
[coreui.io/demo/dark/vendors/flag-icon-css/flags/1x1/ph.svg]
[coreui.io/demo/dark/vendors/flag-icon-css/flags/4x3/pk.svg]
[coreui.io/demo/dark/vendors/flag-icon-css/flags/1x1/pk.svg]
[coreui.io/demo/dark/vendors/flag-icon-css/flags/4x3/pl.svg]
[coreui.io/demo/dark/vendors/flag-icon-css/flags/1x1/pl.svg]
[coreui.io/demo/dark/vendors/flag-icon-css/flags/4x3/pm.svg]
[coreui.io/demo/dark/vendors/flag-icon-css/flags/1x1/pm.svg]
[coreui.io/demo/dark/vendors/flag-icon-css/flags/4x3/pn.svg]
[coreui.io/demo/dark/vendors/flag-icon-css/flags/1x1/pn.svg]
[coreui.io/demo/dark/vendors/flag-icon-css/flags/4x3/pr.svg]
[coreui.io/demo/dark/vendors/flag-icon-css/flags/1x1/pr.svg]
[coreui.io/demo/dark/vendors/flag-icon-css/flags/4x3/ps.svg]
[coreui.io/demo/dark/vendors/flag-icon-css/flags/1x1/ps.svg]
[coreui.io/demo/dark/vendors/flag-icon-css/flags/4x3/pt.svg]
[coreui.io/demo/dark/vendors/flag-icon-css/flags/1x1/pt.svg]
[coreui.io/demo/dark/vendors/flag-icon-css/flags/4x3/pw.svg]
[coreui.io/demo/dark/vendors/flag-icon-css/flags/1x1/pw.svg]
[coreui.io/demo/dark/vendors/flag-icon-css/flags/4x3/py.svg]
[coreui.io/demo/dark/vendors/flag-icon-css/flags/1x1/py.svg]
[coreui.io/demo/dark/vendors/flag-icon-css/flags/4x3/qa.svg]
[coreui.io/demo/dark/vendors/flag-icon-css/flags/1x1/qa.svg]
[coreui.io/demo/dark/vendors/flag-icon-css/flags/4x3/re.svg]
[coreui.io/demo/dark/vendors/flag-icon-css/flags/1x1/re.svg]
[coreui.io/demo/dark/vendors/flag-icon-css/flags/4x3/ro.svg]
[coreui.io/demo/dark/vendors/flag-icon-css/flags/1x1/ro.svg]
[coreui.io/demo/dark/vendors/flag-icon-css/flags/4x3/rs.svg]
[coreui.io/demo/dark/vendors/flag-icon-css/flags/1x1/rs.svg]
[coreui.io/demo/dark/vendors/flag-icon-css/flags/4x3/ru.svg]
[coreui.io/demo/dark/vendors/flag-icon-css/flags/1x1/ru.svg]
[coreui.io/demo/dark/vendors/flag-icon-css/flags/4x3/rw.svg]
[coreui.io/demo/dark/vendors/flag-icon-css/flags/1x1/rw.svg]
[coreui.io/demo/dark/vendors/flag-icon-css/flags/4x3/sa.svg]
[coreui.io/demo/dark/vendors/flag-icon-css/flags/1x1/sa.svg]
[coreui.io/demo/dark/vendors/flag-icon-css/flags/4x3/sb.svg]
[coreui.io/demo/dark/vendors/flag-icon-css/flags/1x1/sb.svg]
[coreui.io/demo/dark/vendors/flag-icon-css/flags/4x3/sc.svg]
[coreui.io/demo/dark/vendors/flag-icon-css/flags/1x1/sc.svg]
[coreui.io/demo/dark/vendors/flag-icon-css/flags/4x3/sd.svg]
[coreui.io/demo/dark/vendors/flag-icon-css/flags/1x1/sd.svg]
[coreui.io/demo/dark/vendors/flag-icon-css/flags/4x3/se.svg]
[coreui.io/demo/dark/vendors/flag-icon-css/flags/1x1/se.svg]
[coreui.io/demo/dark/vendors/flag-icon-css/flags/4x3/sg.svg]
[coreui.io/demo/dark/vendors/flag-icon-css/flags/1x1/sg.svg]
[coreui.io/demo/dark/vendors/flag-icon-css/flags/4x3/sh.svg]
[coreui.io/demo/dark/vendors/flag-icon-css/flags/1x1/sh.svg]
[coreui.io/demo/dark/vendors/flag-icon-css/flags/4x3/si.svg]
[coreui.io/demo/dark/vendors/flag-icon-css/flags/1x1/si.svg]
[coreui.io/demo/dark/vendors/flag-icon-css/flags/4x3/sj.svg]
[coreui.io/demo/dark/vendors/flag-icon-css/flags/1x1/sj.svg]
[coreui.io/demo/dark/vendors/flag-icon-css/flags/4x3/sk.svg]
[coreui.io/demo/dark/vendors/flag-icon-css/flags/1x1/sk.svg]
[coreui.io/demo/dark/vendors/flag-icon-css/flags/4x3/sl.svg]
[coreui.io/demo/dark/vendors/flag-icon-css/flags/1x1/sl.svg]
[coreui.io/demo/dark/vendors/flag-icon-css/flags/4x3/sm.svg]
[coreui.io/demo/dark/vendors/flag-icon-css/flags/1x1/sm.svg]
[coreui.io/demo/dark/vendors/flag-icon-css/flags/4x3/sn.svg]
[coreui.io/demo/dark/vendors/flag-icon-css/flags/1x1/sn.svg]
[coreui.io/demo/dark/vendors/flag-icon-css/flags/4x3/so.svg]
[coreui.io/demo/dark/vendors/flag-icon-css/flags/1x1/so.svg]
[coreui.io/demo/dark/vendors/flag-icon-css/flags/4x3/sr.svg]
[coreui.io/demo/dark/vendors/flag-icon-css/flags/1x1/sr.svg]
[coreui.io/demo/dark/vendors/flag-icon-css/flags/4x3/ss.svg]
[coreui.io/demo/dark/vendors/flag-icon-css/flags/1x1/ss.svg]
[coreui.io/demo/dark/vendors/flag-icon-css/flags/4x3/st.svg]
[coreui.io/demo/dark/vendors/flag-icon-css/flags/1x1/st.svg]
[coreui.io/demo/dark/vendors/flag-icon-css/flags/4x3/sv.svg]
[coreui.io/demo/dark/vendors/flag-icon-css/flags/1x1/sv.svg]
[coreui.io/demo/dark/vendors/flag-icon-css/flags/4x3/sx.svg]
[coreui.io/demo/dark/vendors/flag-icon-css/flags/1x1/sx.svg]
[coreui.io/demo/dark/vendors/flag-icon-css/flags/4x3/sy.svg]
[coreui.io/demo/dark/vendors/flag-icon-css/flags/1x1/sy.svg]
[coreui.io/demo/dark/vendors/flag-icon-css/flags/4x3/sz.svg]
[coreui.io/demo/dark/vendors/flag-icon-css/flags/1x1/sz.svg]
[coreui.io/demo/dark/vendors/flag-icon-css/flags/4x3/tc.svg]
[coreui.io/demo/dark/vendors/flag-icon-css/flags/1x1/tc.svg]
[coreui.io/demo/dark/vendors/flag-icon-css/flags/4x3/td.svg]
[coreui.io/demo/dark/vendors/flag-icon-css/flags/1x1/td.svg]
[coreui.io/demo/dark/vendors/flag-icon-css/flags/4x3/tf.svg]
[coreui.io/demo/dark/vendors/flag-icon-css/flags/1x1/tf.svg]
[coreui.io/demo/dark/vendors/flag-icon-css/flags/4x3/tg.svg]
[coreui.io/demo/dark/vendors/flag-icon-css/flags/1x1/tg.svg]
[coreui.io/demo/dark/vendors/flag-icon-css/flags/4x3/th.svg]
[coreui.io/demo/dark/vendors/flag-icon-css/flags/1x1/th.svg]
[coreui.io/demo/dark/vendors/flag-icon-css/flags/4x3/tj.svg]
[coreui.io/demo/dark/vendors/flag-icon-css/flags/1x1/tj.svg]
[coreui.io/demo/dark/vendors/flag-icon-css/flags/4x3/tk.svg]
[coreui.io/demo/dark/vendors/flag-icon-css/flags/1x1/tk.svg]
[coreui.io/demo/dark/vendors/flag-icon-css/flags/4x3/tl.svg]
[coreui.io/demo/dark/vendors/flag-icon-css/flags/1x1/tl.svg]
[coreui.io/demo/dark/vendors/flag-icon-css/flags/4x3/tm.svg]
[coreui.io/demo/dark/vendors/flag-icon-css/flags/1x1/tm.svg]
[coreui.io/demo/dark/vendors/flag-icon-css/flags/4x3/tn.svg]
[coreui.io/demo/dark/vendors/flag-icon-css/flags/1x1/tn.svg]
[coreui.io/demo/dark/vendors/flag-icon-css/flags/4x3/to.svg]
[coreui.io/demo/dark/vendors/flag-icon-css/flags/1x1/to.svg]
[coreui.io/demo/dark/vendors/flag-icon-css/flags/4x3/tr.svg]
[coreui.io/demo/dark/vendors/flag-icon-css/flags/1x1/tr.svg]
[coreui.io/demo/dark/vendors/flag-icon-css/flags/4x3/tt.svg]
[coreui.io/demo/dark/vendors/flag-icon-css/flags/1x1/tt.svg]
[coreui.io/demo/dark/vendors/flag-icon-css/flags/4x3/tv.svg]
[coreui.io/demo/dark/vendors/flag-icon-css/flags/1x1/tv.svg]
[coreui.io/demo/dark/vendors/flag-icon-css/flags/4x3/tw.svg]
[coreui.io/demo/dark/vendors/flag-icon-css/flags/1x1/tw.svg]
[coreui.io/demo/dark/vendors/flag-icon-css/flags/4x3/tz.svg]
[coreui.io/demo/dark/vendors/flag-icon-css/flags/1x1/tz.svg]
[coreui.io/demo/dark/vendors/flag-icon-css/flags/4x3/ua.svg]
[coreui.io/demo/dark/vendors/flag-icon-css/flags/1x1/ua.svg]
[coreui.io/demo/dark/vendors/flag-icon-css/flags/4x3/ug.svg]
[coreui.io/demo/dark/vendors/flag-icon-css/flags/1x1/ug.svg]
[coreui.io/demo/dark/vendors/flag-icon-css/flags/4x3/um.svg]
[coreui.io/demo/dark/vendors/flag-icon-css/flags/1x1/um.svg]
[coreui.io/demo/dark/vendors/flag-icon-css/flags/4x3/us.svg]
[coreui.io/demo/dark/vendors/flag-icon-css/flags/1x1/us.svg]
[coreui.io/demo/dark/vendors/flag-icon-css/flags/4x3/uy.svg]
[coreui.io/demo/dark/vendors/flag-icon-css/flags/1x1/uy.svg]
[coreui.io/demo/dark/vendors/flag-icon-css/flags/4x3/uz.svg]
[coreui.io/demo/dark/vendors/flag-icon-css/flags/1x1/uz.svg]
[coreui.io/demo/dark/vendors/flag-icon-css/flags/4x3/va.svg]
[coreui.io/demo/dark/vendors/flag-icon-css/flags/1x1/va.svg]
[coreui.io/demo/dark/vendors/flag-icon-css/flags/4x3/vc.svg]
[coreui.io/demo/dark/vendors/flag-icon-css/flags/1x1/vc.svg]
[coreui.io/demo/dark/vendors/flag-icon-css/flags/4x3/ve.svg]
[coreui.io/demo/dark/vendors/flag-icon-css/flags/1x1/ve.svg]
[coreui.io/demo/dark/vendors/flag-icon-css/flags/4x3/vg.svg]
[coreui.io/demo/dark/vendors/flag-icon-css/flags/1x1/vg.svg]
[coreui.io/demo/dark/vendors/flag-icon-css/flags/4x3/vi.svg]
[coreui.io/demo/dark/vendors/flag-icon-css/flags/1x1/vi.svg]
[coreui.io/demo/dark/vendors/flag-icon-css/flags/4x3/vn.svg]
[coreui.io/demo/dark/vendors/flag-icon-css/flags/1x1/vn.svg]
[coreui.io/demo/dark/vendors/flag-icon-css/flags/4x3/vu.svg]
[coreui.io/demo/dark/vendors/flag-icon-css/flags/1x1/vu.svg]
[coreui.io/demo/dark/vendors/flag-icon-css/flags/4x3/wf.svg]
[coreui.io/demo/dark/vendors/flag-icon-css/flags/1x1/wf.svg]
[coreui.io/demo/dark/vendors/flag-icon-css/flags/4x3/ws.svg]
[coreui.io/demo/dark/vendors/flag-icon-css/flags/1x1/ws.svg]
[coreui.io/demo/dark/vendors/flag-icon-css/flags/4x3/ye.svg]
[coreui.io/demo/dark/vendors/flag-icon-css/flags/1x1/ye.svg]
[coreui.io/demo/dark/vendors/flag-icon-css/flags/4x3/yt.svg]
[coreui.io/demo/dark/vendors/flag-icon-css/flags/1x1/yt.svg]
[coreui.io/demo/dark/vendors/flag-icon-css/flags/4x3/za.svg]
[coreui.io/demo/dark/vendors/flag-icon-css/flags/1x1/za.svg]
[coreui.io/demo/dark/vendors/flag-icon-css/flags/4x3/zm.svg]
[coreui.io/demo/dark/vendors/flag-icon-css/flags/1x1/zm.svg]
[coreui.io/demo/dark/vendors/flag-icon-css/flags/4x3/zw.svg]
[coreui.io/demo/dark/vendors/flag-icon-css/flags/1x1/zw.svg]
[coreui.io/demo/dark/vendors/flag-icon-css/flags/4x3/es-ct.svg]
[coreui.io/demo/dark/vendors/flag-icon-css/flags/1x1/es-ct.svg]
[coreui.io/demo/dark/vendors/flag-icon-css/flags/4x3/eu.svg]
[coreui.io/demo/dark/vendors/flag-icon-css/flags/1x1/eu.svg]
[coreui.io/demo/dark/vendors/flag-icon-css/flags/4x3/gb-eng.svg]
[coreui.io/demo/dark/vendors/flag-icon-css/flags/1x1/gb-eng.svg]
[coreui.io/demo/dark/vendors/flag-icon-css/flags/4x3/gb-nir.svg]
[coreui.io/demo/dark/vendors/flag-icon-css/flags/1x1/gb-nir.svg]
[coreui.io/demo/dark/vendors/flag-icon-css/flags/4x3/gb-sct.svg]
[coreui.io/demo/dark/vendors/flag-icon-css/flags/1x1/gb-sct.svg]
[coreui.io/demo/dark/vendors/flag-icon-css/flags/4x3/gb-wls.svg]
[coreui.io/demo/dark/vendors/flag-icon-css/flags/1x1/gb-wls.svg]
[coreui.io/demo/dark/vendors/flag-icon-css/flags/4x3/un.svg]
[coreui.io/demo/dark/vendors/flag-icon-css/flags/1x1/un.svg]
[coreui.io/demo/dark/vendors/flag-icon-css/css/flag-icon.min.css]
[coreui.io/demo/dark/vendors/font-awesome/fonts/fontawesome-webfont3e6e.eot]
[coreui.io/demo/dark/vendors/font-awesome/fonts/fontawesome-webfontd41d.eot]
[coreui.io/demo/dark/vendors/font-awesome/fonts/fontawesome-webfont3e6e.woff2]
[coreui.io/demo/dark/vendors/font-awesome/fonts/fontawesome-webfont3e6e.woff]
[coreui.io/demo/dark/vendors/font-awesome/fonts/fontawesome-webfont3e6e.ttf]
[coreui.io/demo/dark/vendors/font-awesome/css/font-awesome.min.css]
[coreui.io/demo/dark/vendors/font-awesome/fonts/fontawesome-webfont3e6e.svg]
[coreui.io/demo/dark/vendors/simple-line-icons/fonts/Simple-Line-Iconsb26c.eot]
[coreui.io/demo/dark/vendors/simple-line-icons/fonts/Simple-Line-Iconsb26c.woff2]
[coreui.io/demo/dark/vendors/simple-line-icons/fonts/Simple-Line-Iconsb26c.ttf]
[coreui.io/demo/dark/vendors/simple-line-icons/fonts/Simple-Line-Iconsb26c.woff]
[coreui.io/demo/dark/vendors/simple-line-icons/css/simple-line-icons.css]
[coreui.io/demo/dark/css/style.css]
[coreui.io/demo/dark/vendors/pace-progress/css/pace.min.css]
[coreui.io/demo/dark/img/brand/logo.svg]
[coreui.io/demo/dark/img/brand/sygnet.svg]
[coreui.io/demo/dark/main.html]
[coreui.io/demo/dark/colors.html]
[coreui.io/demo/dark/typography.html]
[coreui.io/demo/dark/base/breadcrumb.html]
[coreui.io/demo/dark/base/cards.html]
[coreui.io/demo/dark/base/carousel.html]
[coreui.io/demo/dark/base/collapse.html]
[coreui.io/demo/dark/base/jumbotron.html]
[coreui.io/demo/dark/base/list-group.html]
[coreui.io/demo/dark/base/navs.html]
[coreui.io/demo/dark/base/pagination.html]
[coreui.io/demo/dark/base/popovers.html]
[coreui.io/demo/dark/base/progress.html]
[coreui.io/demo/dark/base/scrollspy.html]
[coreui.io/demo/dark/base/switches.html]
[coreui.io/demo/dark/base/tabs.html]
[coreui.io/demo/dark/base/tooltips.html]
[coreui.io/demo/dark/buttons/buttons.html]
[coreui.io/demo/dark/buttons/brand-buttons.html]
[coreui.io/demo/dark/buttons/button-group.html]
[coreui.io/demo/dark/buttons/dropdowns.html]
[coreui.io/demo/dark/buttons/loading-buttons.html]
[coreui.io/demo/dark/charts.html]
[coreui.io/demo/dark/editors/code-editor.html]
[coreui.io/demo/dark/editors/markdown-editor.html]
[coreui.io/demo/dark/editors/text-editor.html]
[coreui.io/demo/dark/forms/basic-forms.html]
[coreui.io/demo/dark/forms/advanced-forms.html]
[coreui.io/demo/dark/forms/validation.html]
[coreui.io/demo/dark/google-maps.html]
[coreui.io/demo/dark/icons/coreui-icons.html]
[coreui.io/demo/dark/icons/flags.html]
[coreui.io/demo/dark/icons/font-awesome.html]
[coreui.io/demo/dark/icons/simple-line-icons.html]
[coreui.io/demo/dark/notifications/alerts.html]
[coreui.io/demo/dark/notifications/badge.html]
[coreui.io/demo/dark/notifications/modals.html]
[coreui.io/demo/dark/notifications/toastr.html]
[coreui.io/demo/dark/plugins/calendar.html]
[coreui.io/demo/dark/plugins/draggable-cards.html]
[coreui.io/demo/dark/plugins/sliders.html]
[coreui.io/demo/dark/plugins/spinners.html]
[coreui.io/demo/dark/tables/tables.html]
[coreui.io/demo/dark/tables/datatables.html]
[coreui.io/demo/dark/widgets.html]
[coreui.io/demo/dark/login.html]
[coreui.io/demo/dark/register.html]
[coreui.io/demo/dark/404.html]
[coreui.io/demo/dark/500.html]
[coreui.io/demo/dark/apps/invoicing/invoice.html]
[coreui.io/demo/dark/apps/email/inbox.html]
[coreui.io/demo/dark/apps/email/message.html]
[coreui.io/demo/dark/apps/email/compose.html]
[coreui.io/demo/dark/vendors/@coreui/icons/fonts/CoreUI-Icons-Linear-Free9738.svg]
[coreui.io/demo/dark/vendors/flag-icon-css/flags/4x3/ad.svg]
[coreui.io/demo/dark/vendors/flag-icon-css/flags/1x1/ad.svg]
[coreui.io/demo/dark/vendors/flag-icon-css/flags/4x3/ae.svg]
[coreui.io/demo/dark/vendors/flag-icon-css/flags/1x1/ae.svg]
[coreui.io/demo/dark/vendors/flag-icon-css/flags/4x3/af.svg]
[coreui.io/demo/dark/vendors/flag-icon-css/flags/1x1/af.svg]
[coreui.io/demo/dark/vendors/flag-icon-css/flags/4x3/ag.svg]
[coreui.io/demo/dark/vendors/flag-icon-css/flags/1x1/ag.svg]
[coreui.io/demo/dark/vendors/flag-icon-css/flags/4x3/ai.svg]
[coreui.io/demo/dark/vendors/flag-icon-css/flags/1x1/ai.svg]
[coreui.io/demo/dark/vendors/flag-icon-css/flags/4x3/al.svg]
[coreui.io/demo/dark/vendors/flag-icon-css/flags/1x1/al.svg]
[coreui.io/demo/dark/vendors/flag-icon-css/flags/4x3/am.svg]
[coreui.io/demo/dark/vendors/flag-icon-css/flags/1x1/am.svg]
[coreui.io/demo/dark/vendors/flag-icon-css/flags/4x3/ao.svg]
[coreui.io/demo/dark/vendors/flag-icon-css/flags/1x1/ao.svg]
[coreui.io/demo/dark/vendors/flag-icon-css/flags/4x3/aq.svg]
[coreui.io/demo/dark/vendors/flag-icon-css/flags/1x1/aq.svg]
[coreui.io/demo/dark/vendors/flag-icon-css/flags/4x3/ar.svg]
[coreui.io/demo/dark/vendors/flag-icon-css/flags/1x1/ar.svg]
[coreui.io/demo/dark/vendors/flag-icon-css/flags/4x3/as.svg]
[coreui.io/demo/dark/vendors/flag-icon-css/flags/1x1/as.svg]
[coreui.io/demo/dark/vendors/flag-icon-css/flags/4x3/at.svg]
[coreui.io/demo/dark/vendors/flag-icon-css/flags/1x1/at.svg]
[coreui.io/demo/dark/vendors/flag-icon-css/flags/4x3/au.svg]
[coreui.io/demo/dark/vendors/flag-icon-css/flags/1x1/au.svg]
[coreui.io/demo/dark/vendors/flag-icon-css/flags/4x3/aw.svg]
[coreui.io/demo/dark/vendors/flag-icon-css/flags/1x1/aw.svg]
[coreui.io/demo/dark/vendors/flag-icon-css/flags/4x3/ax.svg]
[coreui.io/demo/dark/vendors/flag-icon-css/flags/1x1/ax.svg]
[coreui.io/demo/dark/vendors/flag-icon-css/flags/4x3/az.svg]
[coreui.io/demo/dark/vendors/flag-icon-css/flags/1x1/az.svg]
[coreui.io/demo/dark/vendors/flag-icon-css/flags/4x3/ba.svg]
[coreui.io/demo/dark/vendors/flag-icon-css/flags/1x1/ba.svg]
[coreui.io/demo/dark/vendors/flag-icon-css/flags/4x3/bb.svg]
[coreui.io/demo/dark/vendors/flag-icon-css/flags/1x1/bb.svg]
[coreui.io/demo/dark/vendors/flag-icon-css/flags/4x3/bd.svg]
[coreui.io/demo/dark/vendors/flag-icon-css/flags/1x1/bd.svg]
[coreui.io/demo/dark/vendors/flag-icon-css/flags/4x3/be.svg]
[coreui.io/demo/dark/vendors/flag-icon-css/flags/1x1/be.svg]
[coreui.io/demo/dark/vendors/flag-icon-css/flags/4x3/bf.svg]
[coreui.io/demo/dark/vendors/flag-icon-css/flags/1x1/bf.svg]
[coreui.io/demo/dark/vendors/flag-icon-css/flags/4x3/bg.svg]
[coreui.io/demo/dark/vendors/flag-icon-css/flags/1x1/bg.svg]
[coreui.io/demo/dark/vendors/flag-icon-css/flags/4x3/bh.svg]
[coreui.io/demo/dark/vendors/flag-icon-css/flags/1x1/bh.svg]
[coreui.io/demo/dark/vendors/flag-icon-css/flags/4x3/bi.svg]
[coreui.io/demo/dark/vendors/flag-icon-css/flags/1x1/bi.svg]
[coreui.io/demo/dark/vendors/flag-icon-css/flags/4x3/bj.svg]
[coreui.io/demo/dark/vendors/flag-icon-css/flags/1x1/bj.svg]
[coreui.io/demo/dark/vendors/flag-icon-css/flags/4x3/bl.svg]
[coreui.io/demo/dark/vendors/flag-icon-css/flags/1x1/bl.svg]
[coreui.io/demo/dark/vendors/flag-icon-css/flags/4x3/bm.svg]
[coreui.io/demo/dark/vendors/flag-icon-css/flags/1x1/bm.svg]
[coreui.io/demo/dark/vendors/flag-icon-css/flags/4x3/bn.svg]
[coreui.io/demo/dark/vendors/flag-icon-css/flags/1x1/bn.svg]
[coreui.io/demo/dark/vendors/simple-line-icons/fonts/Simple-Line-Iconsb26c.svg]
[coreui.io/demo/dark/vendors/flag-icon-css/flags/4x3/bo.svg]
[coreui.io/demo/dark/vendors/flag-icon-css/flags/1x1/bo.svg]
[coreui.io/demo/dark/vendors/flag-icon-css/flags/4x3/bq.svg]
[coreui.io/demo/dark/vendors/flag-icon-css/flags/1x1/bq.svg]
[coreui.io/demo/dark/vendors/flag-icon-css/flags/4x3/br.svg]
[coreui.io/demo/dark/vendors/flag-icon-css/flags/1x1/br.svg]
[coreui.io/demo/dark/vendors/flag-icon-css/flags/4x3/bs.svg]
[coreui.io/demo/dark/vendors/flag-icon-css/flags/1x1/bs.svg]
[coreui.io/demo/dark/vendors/flag-icon-css/flags/4x3/bt.svg]
[coreui.io/demo/dark/vendors/flag-icon-css/flags/1x1/bt.svg]
[coreui.io/demo/dark/vendors/flag-icon-css/flags/4x3/bv.svg]
[coreui.io/demo/dark/vendors/flag-icon-css/flags/1x1/bv.svg]
[coreui.io/demo/dark/vendors/flag-icon-css/flags/4x3/bw.svg]
[coreui.io/demo/dark/vendors/flag-icon-css/flags/1x1/bw.svg]
[coreui.io/demo/dark/vendors/flag-icon-css/flags/4x3/by.svg]
[coreui.io/demo/dark/vendors/flag-icon-css/flags/1x1/by.svg]
[coreui.io/demo/dark/vendors/flag-icon-css/flags/4x3/bz.svg]
[coreui.io/demo/dark/vendors/flag-icon-css/flags/1x1/bz.svg]
[coreui.io/demo/dark/vendors/flag-icon-css/flags/4x3/ca.svg]
[coreui.io/demo/dark/vendors/flag-icon-css/flags/1x1/ca.svg]
[coreui.io/demo/dark/vendors/flag-icon-css/flags/4x3/cc.svg]
[coreui.io/demo/dark/vendors/flag-icon-css/flags/1x1/cc.svg]
[coreui.io/demo/dark/vendors/flag-icon-css/flags/4x3/cd.svg]
[coreui.io/demo/dark/vendors/flag-icon-css/flags/1x1/cd.svg]
[coreui.io/demo/dark/vendors/flag-icon-css/flags/4x3/cf.svg]
[coreui.io/demo/dark/vendors/flag-icon-css/flags/1x1/cf.svg]
[coreui.io/demo/dark/vendors/flag-icon-css/flags/4x3/cg.svg]
[coreui.io/demo/dark/vendors/flag-icon-css/flags/1x1/cg.svg]
[coreui.io/demo/dark/vendors/flag-icon-css/flags/4x3/ch.svg]
[coreui.io/demo/dark/vendors/flag-icon-css/flags/1x1/ch.svg]
[coreui.io/demo/dark/vendors/flag-icon-css/flags/4x3/ci.svg]
[coreui.io/demo/dark/vendors/flag-icon-css/flags/1x1/ci.svg]
[coreui.io/demo/dark/vendors/flag-icon-css/flags/4x3/ck.svg]
[coreui.io/demo/dark/vendors/flag-icon-css/flags/1x1/ck.svg]
[coreui.io/demo/dark/vendors/flag-icon-css/flags/4x3/cl.svg]
[coreui.io/demo/dark/vendors/flag-icon-css/flags/1x1/cl.svg]
[coreui.io/demo/dark/vendors/flag-icon-css/flags/4x3/cm.svg]
[coreui.io/demo/dark/vendors/flag-icon-css/flags/1x1/cm.svg]
[coreui.io/demo/dark/vendors/flag-icon-css/flags/4x3/cn.svg]
[coreui.io/demo/dark/vendors/flag-icon-css/flags/1x1/cn.svg]
[coreui.io/demo/dark/vendors/flag-icon-css/flags/4x3/co.svg]
[coreui.io/demo/dark/vendors/flag-icon-css/flags/1x1/co.svg]
[coreui.io/demo/dark/vendors/flag-icon-css/flags/4x3/cr.svg]
[coreui.io/demo/dark/vendors/flag-icon-css/flags/1x1/cr.svg]
[coreui.io/demo/dark/vendors/flag-icon-css/flags/4x3/cu.svg]
[coreui.io/demo/dark/vendors/flag-icon-css/flags/1x1/cu.svg]
[coreui.io/demo/dark/vendors/flag-icon-css/flags/4x3/cv.svg]
[coreui.io/demo/dark/vendors/flag-icon-css/flags/1x1/cv.svg]
[coreui.io/demo/dark/vendors/flag-icon-css/flags/4x3/cw.svg]
[coreui.io/demo/dark/vendors/flag-icon-css/flags/1x1/cw.svg]
[coreui.io/demo/dark/vendors/flag-icon-css/flags/4x3/cx.svg]
[coreui.io/demo/dark/vendors/flag-icon-css/flags/1x1/cx.svg]
[coreui.io/demo/dark/vendors/flag-icon-css/flags/4x3/cy.svg]
[coreui.io/demo/dark/vendors/flag-icon-css/flags/1x1/cy.svg]
[coreui.io/demo/dark/vendors/flag-icon-css/flags/4x3/cz.svg]
[coreui.io/demo/dark/vendors/flag-icon-css/flags/1x1/cz.svg]
[coreui.io/demo/dark/vendors/flag-icon-css/flags/4x3/de.svg]
[coreui.io/demo/dark/vendors/flag-icon-css/flags/1x1/de.svg]
[coreui.io/demo/dark/vendors/flag-icon-css/flags/4x3/dj.svg]
[coreui.io/demo/dark/vendors/flag-icon-css/flags/1x1/dj.svg]
[coreui.io/demo/dark/vendors/flag-icon-css/flags/4x3/dk.svg]
[coreui.io/demo/dark/vendors/flag-icon-css/flags/1x1/dk.svg]
[coreui.io/demo/dark/vendors/flag-icon-css/flags/4x3/dm.svg]
[coreui.io/demo/dark/vendors/flag-icon-css/flags/1x1/dm.svg]
[coreui.io/demo/dark/vendors/flag-icon-css/flags/4x3/do.svg]
[coreui.io/demo/dark/vendors/flag-icon-css/flags/1x1/do.svg]
[coreui.io/demo/dark/vendors/flag-icon-css/flags/4x3/dz.svg]
[coreui.io/demo/dark/vendors/flag-icon-css/flags/1x1/dz.svg]
[coreui.io/demo/dark/vendors/flag-icon-css/flags/4x3/ec.svg]
[coreui.io/demo/dark/vendors/flag-icon-css/flags/1x1/ec.svg]
[coreui.io/demo/dark/vendors/flag-icon-css/flags/4x3/ee.svg]
[coreui.io/demo/dark/vendors/flag-icon-css/flags/1x1/ee.svg]
[coreui.io/demo/dark/vendors/flag-icon-css/flags/4x3/eg.svg]
[coreui.io/demo/dark/vendors/flag-icon-css/flags/1x1/eg.svg]
[coreui.io/demo/dark/vendors/flag-icon-css/flags/4x3/eh.svg]
[coreui.io/demo/dark/vendors/flag-icon-css/flags/1x1/eh.svg]
[coreui.io/demo/dark/vendors/flag-icon-css/flags/4x3/er.svg]
[coreui.io/demo/dark/vendors/flag-icon-css/flags/1x1/er.svg]
[coreui.io/demo/dark/vendors/flag-icon-css/flags/4x3/es.svg]
[coreui.io/demo/dark/vendors/flag-icon-css/flags/1x1/es.svg]
[coreui.io/demo/dark/vendors/flag-icon-css/flags/4x3/et.svg]
[coreui.io/demo/dark/vendors/flag-icon-css/flags/1x1/et.svg]
[coreui.io/demo/dark/vendors/flag-icon-css/flags/4x3/fi.svg]
[coreui.io/demo/dark/vendors/flag-icon-css/flags/1x1/fi.svg]
[coreui.io/demo/dark/vendors/flag-icon-css/flags/4x3/fj.svg]
[coreui.io/demo/dark/vendors/flag-icon-css/flags/1x1/fj.svg]
[coreui.io/demo/dark/vendors/flag-icon-css/flags/4x3/fk.svg]
[coreui.io/demo/dark/vendors/flag-icon-css/flags/1x1/fk.svg]
[coreui.io/demo/dark/vendors/flag-icon-css/flags/4x3/fm.svg]
[coreui.io/demo/dark/vendors/flag-icon-css/flags/1x1/fm.svg]
[coreui.io/demo/dark/vendors/flag-icon-css/flags/4x3/fo.svg]
[coreui.io/demo/dark/vendors/flag-icon-css/flags/1x1/fo.svg]
[coreui.io/demo/dark/vendors/flag-icon-css/flags/4x3/fr.svg]
[coreui.io/demo/dark/vendors/flag-icon-css/flags/1x1/fr.svg]
[coreui.io/demo/dark/vendors/flag-icon-css/flags/4x3/ga.svg]
[coreui.io/demo/dark/vendors/flag-icon-css/flags/1x1/ga.svg]
[coreui.io/demo/dark/vendors/flag-icon-css/flags/4x3/gb.svg]
[coreui.io/demo/dark/vendors/flag-icon-css/flags/1x1/gb.svg]
[coreui.io/demo/dark/vendors/flag-icon-css/flags/4x3/gd.svg]
[coreui.io/demo/dark/vendors/flag-icon-css/flags/1x1/gd.svg]
[coreui.io/demo/dark/vendors/flag-icon-css/flags/4x3/ge.svg]
[coreui.io/demo/dark/vendors/flag-icon-css/flags/1x1/ge.svg]
[coreui.io/demo/dark/vendors/flag-icon-css/flags/4x3/gf.svg]
[coreui.io/demo/dark/vendors/flag-icon-css/flags/1x1/gf.svg]
[coreui.io/demo/dark/vendors/flag-icon-css/flags/4x3/gg.svg]
[coreui.io/demo/dark/vendors/flag-icon-css/flags/1x1/gg.svg]
[coreui.io/demo/dark/vendors/flag-icon-css/flags/4x3/gh.svg]
[coreui.io/demo/dark/vendors/flag-icon-css/flags/1x1/gh.svg]
[coreui.io/demo/dark/vendors/flag-icon-css/flags/4x3/gi.svg]
[coreui.io/demo/dark/vendors/flag-icon-css/flags/1x1/gi.svg]
[coreui.io/demo/dark/vendors/flag-icon-css/flags/4x3/gl.svg]
[coreui.io/demo/dark/vendors/flag-icon-css/flags/1x1/gl.svg]
[coreui.io/demo/dark/vendors/flag-icon-css/flags/4x3/gm.svg]
[coreui.io/demo/dark/vendors/flag-icon-css/flags/1x1/gm.svg]
[coreui.io/demo/dark/vendors/flag-icon-css/flags/4x3/gn.svg]
[coreui.io/demo/dark/vendors/flag-icon-css/flags/1x1/gn.svg]
[coreui.io/demo/dark/vendors/flag-icon-css/flags/4x3/gp.svg]
[coreui.io/demo/dark/vendors/flag-icon-css/flags/1x1/gp.svg]
[coreui.io/demo/dark/vendors/flag-icon-css/flags/4x3/gq.svg]
[coreui.io/demo/dark/vendors/flag-icon-css/flags/1x1/gq.svg]
[coreui.io/demo/dark/vendors/flag-icon-css/flags/4x3/gr.svg]
[coreui.io/demo/dark/vendors/flag-icon-css/flags/1x1/gr.svg]
[coreui.io/demo/dark/vendors/flag-icon-css/flags/4x3/gs.svg]
[coreui.io/demo/dark/vendors/flag-icon-css/flags/1x1/gs.svg]
[coreui.io/demo/dark/vendors/flag-icon-css/flags/4x3/gt.svg]
[coreui.io/demo/dark/vendors/flag-icon-css/flags/1x1/gt.svg]
[coreui.io/demo/dark/vendors/flag-icon-css/flags/4x3/gu.svg]
[coreui.io/demo/dark/vendors/flag-icon-css/flags/1x1/gu.svg]
[coreui.io/demo/dark/vendors/flag-icon-css/flags/4x3/gw.svg]
[coreui.io/demo/dark/vendors/flag-icon-css/flags/1x1/gw.svg]
[coreui.io/demo/dark/vendors/flag-icon-css/flags/4x3/gy.svg]
[coreui.io/demo/dark/vendors/flag-icon-css/flags/1x1/gy.svg]
[coreui.io/demo/dark/vendors/flag-icon-css/flags/4x3/hk.svg]
[coreui.io/demo/dark/vendors/flag-icon-css/flags/1x1/hk.svg]
[coreui.io/demo/dark/vendors/flag-icon-css/flags/4x3/hm.svg]
[coreui.io/demo/dark/vendors/flag-icon-css/flags/1x1/hm.svg]
[coreui.io/demo/dark/vendors/flag-icon-css/flags/4x3/hn.svg]
[coreui.io/demo/dark/vendors/flag-icon-css/flags/1x1/hn.svg]
[coreui.io/demo/dark/vendors/flag-icon-css/flags/4x3/hr.svg]
[coreui.io/demo/dark/vendors/flag-icon-css/flags/1x1/hr.svg]
[coreui.io/demo/dark/vendors/flag-icon-css/flags/4x3/ht.svg]
[coreui.io/demo/dark/vendors/flag-icon-css/flags/1x1/ht.svg]
[coreui.io/demo/dark/vendors/flag-icon-css/flags/4x3/hu.svg]
[coreui.io/demo/dark/vendors/flag-icon-css/flags/1x1/hu.svg]
[coreui.io/demo/dark/vendors/flag-icon-css/flags/4x3/id.svg]
[coreui.io/demo/dark/vendors/flag-icon-css/flags/1x1/id.svg]
[coreui.io/demo/dark/vendors/flag-icon-css/flags/4x3/ie.svg]
[coreui.io/demo/dark/vendors/flag-icon-css/flags/1x1/ie.svg]
[coreui.io/demo/dark/vendors/flag-icon-css/flags/4x3/il.svg]
[coreui.io/demo/dark/vendors/flag-icon-css/flags/1x1/il.svg]
[coreui.io/demo/dark/vendors/flag-icon-css/flags/4x3/im.svg]
[coreui.io/demo/dark/vendors/flag-icon-css/flags/1x1/im.svg]
[coreui.io/demo/dark/vendors/flag-icon-css/flags/4x3/in.svg]
[coreui.io/demo/dark/vendors/flag-icon-css/flags/1x1/in.svg]
[coreui.io/demo/dark/vendors/flag-icon-css/flags/4x3/io.svg]
[coreui.io/demo/dark/vendors/flag-icon-css/flags/1x1/io.svg]
[coreui.io/demo/dark/vendors/flag-icon-css/flags/4x3/iq.svg]
[coreui.io/demo/dark/vendors/flag-icon-css/flags/1x1/iq.svg]
[coreui.io/demo/dark/vendors/flag-icon-css/flags/4x3/ir.svg]
[coreui.io/demo/dark/vendors/flag-icon-css/flags/1x1/ir.svg]
[coreui.io/demo/dark/vendors/flag-icon-css/flags/4x3/is.svg]
[coreui.io/demo/dark/vendors/flag-icon-css/flags/1x1/is.svg]
[coreui.io/demo/dark/vendors/flag-icon-css/flags/4x3/it.svg]
[coreui.io/demo/dark/vendors/flag-icon-css/flags/1x1/it.svg]
[coreui.io/demo/dark/vendors/flag-icon-css/flags/4x3/je.svg]
[coreui.io/demo/dark/vendors/flag-icon-css/flags/1x1/je.svg]
[coreui.io/demo/dark/vendors/flag-icon-css/flags/4x3/jm.svg]
[coreui.io/demo/dark/vendors/flag-icon-css/flags/1x1/jm.svg]
[coreui.io/demo/dark/vendors/flag-icon-css/flags/4x3/jo.svg]
[coreui.io/demo/dark/vendors/flag-icon-css/flags/1x1/jo.svg]
[coreui.io/demo/dark/vendors/flag-icon-css/flags/4x3/jp.svg]
[coreui.io/demo/dark/vendors/flag-icon-css/flags/1x1/jp.svg]
[coreui.io/demo/dark/vendors/flag-icon-css/flags/4x3/ke.svg]
[coreui.io/demo/dark/vendors/flag-icon-css/flags/1x1/ke.svg]
[coreui.io/demo/dark/vendors/flag-icon-css/flags/4x3/kg.svg]
[coreui.io/demo/dark/vendors/flag-icon-css/flags/1x1/kg.svg]
[coreui.io/demo/dark/vendors/flag-icon-css/flags/4x3/kh.svg]
[coreui.io/demo/dark/vendors/flag-icon-css/flags/1x1/kh.svg]
[coreui.io/demo/dark/vendors/flag-icon-css/flags/4x3/ki.svg]
[coreui.io/demo/dark/vendors/flag-icon-css/flags/1x1/ki.svg]
[coreui.io/demo/dark/vendors/flag-icon-css/flags/4x3/km.svg]
[coreui.io/demo/dark/vendors/flag-icon-css/flags/1x1/km.svg]
[coreui.io/demo/dark/vendors/flag-icon-css/flags/4x3/kn.svg]
[coreui.io/demo/dark/vendors/flag-icon-css/flags/1x1/kn.svg]
[coreui.io/demo/dark/vendors/flag-icon-css/flags/4x3/kp.svg]
[coreui.io/demo/dark/vendors/flag-icon-css/flags/1x1/kp.svg]
[coreui.io/demo/dark/vendors/flag-icon-css/flags/4x3/kr.svg]
[coreui.io/demo/dark/vendors/flag-icon-css/flags/1x1/kr.svg]
[coreui.io/demo/dark/vendors/flag-icon-css/flags/4x3/kw.svg]
[coreui.io/demo/dark/vendors/flag-icon-css/flags/1x1/kw.svg]
[coreui.io/demo/dark/vendors/flag-icon-css/flags/4x3/ky.svg]
[coreui.io/demo/dark/vendors/flag-icon-css/flags/1x1/ky.svg]
[coreui.io/demo/dark/vendors/flag-icon-css/flags/4x3/kz.svg]
[coreui.io/demo/dark/vendors/flag-icon-css/flags/1x1/kz.svg]
[coreui.io/demo/dark/vendors/flag-icon-css/flags/4x3/la.svg]
[coreui.io/demo/dark/vendors/flag-icon-css/flags/1x1/la.svg]
[coreui.io/demo/dark/vendors/flag-icon-css/flags/4x3/lb.svg]
[coreui.io/demo/dark/vendors/flag-icon-css/flags/1x1/lb.svg]
[coreui.io/demo/dark/vendors/flag-icon-css/flags/4x3/lc.svg]
[coreui.io/demo/dark/vendors/flag-icon-css/flags/1x1/lc.svg]
[coreui.io/demo/dark/vendors/flag-icon-css/flags/4x3/li.svg]
[coreui.io/demo/dark/vendors/flag-icon-css/flags/1x1/li.svg]
[coreui.io/demo/dark/vendors/flag-icon-css/flags/4x3/lk.svg]
[coreui.io/demo/dark/vendors/flag-icon-css/flags/1x1/lk.svg]
[coreui.io/demo/dark/vendors/flag-icon-css/flags/4x3/lr.svg]
[coreui.io/demo/dark/vendors/flag-icon-css/flags/1x1/lr.svg]
[coreui.io/demo/dark/vendors/flag-icon-css/flags/4x3/ls.svg]
[coreui.io/demo/dark/vendors/flag-icon-css/flags/1x1/ls.svg]
[coreui.io/demo/dark/vendors/flag-icon-css/flags/4x3/lt.svg]
[coreui.io/demo/dark/vendors/flag-icon-css/flags/1x1/lt.svg]
[coreui.io/demo/dark/vendors/flag-icon-css/flags/4x3/lu.svg]
[coreui.io/demo/dark/vendors/flag-icon-css/flags/1x1/lu.svg]
[coreui.io/demo/dark/vendors/flag-icon-css/flags/4x3/lv.svg]
[coreui.io/demo/dark/vendors/flag-icon-css/flags/1x1/lv.svg]
[coreui.io/demo/dark/vendors/flag-icon-css/flags/4x3/ly.svg]
[coreui.io/demo/dark/vendors/flag-icon-css/flags/1x1/ly.svg]
[coreui.io/demo/dark/vendors/flag-icon-css/flags/4x3/ma.svg]
[coreui.io/demo/dark/vendors/flag-icon-css/flags/1x1/ma.svg]
[coreui.io/demo/dark/vendors/flag-icon-css/flags/4x3/mc.svg]
[coreui.io/demo/dark/vendors/flag-icon-css/flags/1x1/mc.svg]
[coreui.io/demo/dark/vendors/flag-icon-css/flags/4x3/md.svg]
[coreui.io/demo/dark/vendors/flag-icon-css/flags/1x1/md.svg]
[coreui.io/demo/dark/vendors/flag-icon-css/flags/4x3/me.svg]
[coreui.io/demo/dark/vendors/flag-icon-css/flags/1x1/me.svg]
[coreui.io/demo/dark/vendors/flag-icon-css/flags/4x3/mf.svg]
[coreui.io/demo/dark/vendors/flag-icon-css/flags/1x1/mf.svg]
[coreui.io/demo/dark/vendors/flag-icon-css/flags/4x3/mg.svg]
[coreui.io/demo/dark/vendors/flag-icon-css/flags/1x1/mg.svg]
[coreui.io/demo/dark/vendors/flag-icon-css/flags/4x3/mh.svg]
[coreui.io/demo/dark/vendors/flag-icon-css/flags/1x1/mh.svg]
[coreui.io/demo/dark/vendors/flag-icon-css/flags/4x3/mk.svg]
[coreui.io/demo/dark/vendors/flag-icon-css/flags/1x1/mk.svg]
[coreui.io/demo/dark/vendors/flag-icon-css/flags/4x3/ml.svg]
[coreui.io/demo/dark/vendors/flag-icon-css/flags/1x1/ml.svg]
[coreui.io/demo/dark/vendors/flag-icon-css/flags/4x3/mm.svg]
[coreui.io/demo/dark/vendors/flag-icon-css/flags/1x1/mm.svg]
[coreui.io/demo/dark/vendors/flag-icon-css/flags/4x3/mn.svg]
[coreui.io/demo/dark/vendors/flag-icon-css/flags/1x1/mn.svg]
[coreui.io/demo/dark/vendors/flag-icon-css/flags/4x3/mo.svg]
[coreui.io/demo/dark/vendors/flag-icon-css/flags/1x1/mo.svg]
[coreui.io/demo/dark/vendors/flag-icon-css/flags/4x3/mp.svg]
[coreui.io/demo/dark/vendors/flag-icon-css/flags/1x1/mp.svg]
[coreui.io/demo/dark/vendors/flag-icon-css/flags/4x3/mq.svg]
[coreui.io/demo/dark/vendors/flag-icon-css/flags/1x1/mq.svg]
[coreui.io/demo/dark/vendors/flag-icon-css/flags/4x3/mr.svg]
[coreui.io/demo/dark/vendors/flag-icon-css/flags/1x1/mr.svg]
[coreui.io/demo/dark/vendors/flag-icon-css/flags/4x3/ms.svg]
[coreui.io/demo/dark/vendors/flag-icon-css/flags/1x1/ms.svg]
[coreui.io/demo/dark/vendors/flag-icon-css/flags/4x3/mt.svg]
[coreui.io/demo/dark/vendors/flag-icon-css/flags/1x1/mt.svg]
[coreui.io/demo/dark/vendors/flag-icon-css/flags/4x3/mu.svg]
[coreui.io/demo/dark/vendors/flag-icon-css/flags/1x1/mu.svg]
[coreui.io/demo/dark/vendors/flag-icon-css/flags/4x3/mv.svg]
[coreui.io/demo/dark/vendors/flag-icon-css/flags/1x1/mv.svg]
[coreui.io/demo/dark/vendors/flag-icon-css/flags/4x3/mw.svg]
[coreui.io/demo/dark/vendors/flag-icon-css/flags/1x1/mw.svg]
[coreui.io/demo/dark/vendors/flag-icon-css/flags/4x3/mx.svg]
[coreui.io/demo/dark/vendors/flag-icon-css/flags/1x1/mx.svg]
[coreui.io/demo/dark/vendors/flag-icon-css/flags/4x3/my.svg]
[coreui.io/demo/dark/vendors/flag-icon-css/flags/1x1/my.svg]
[coreui.io/demo/dark/vendors/flag-icon-css/flags/4x3/mz.svg]
[coreui.io/demo/dark/vendors/flag-icon-css/flags/1x1/mz.svg]
[coreui.io/demo/dark/vendors/flag-icon-css/flags/4x3/na.svg]
[coreui.io/demo/dark/vendors/flag-icon-css/flags/1x1/na.svg]
[coreui.io/demo/dark/vendors/flag-icon-css/flags/4x3/nc.svg]
[coreui.io/demo/dark/vendors/flag-icon-css/flags/1x1/nc.svg]
[coreui.io/demo/dark/vendors/flag-icon-css/flags/4x3/ne.svg]
[coreui.io/demo/dark/vendors/flag-icon-css/flags/1x1/ne.svg]
[coreui.io/demo/dark/vendors/flag-icon-css/flags/4x3/nf.svg]
[coreui.io/demo/dark/vendors/flag-icon-css/flags/1x1/nf.svg]
[coreui.io/demo/dark/vendors/flag-icon-css/flags/4x3/ng.svg]
[coreui.io/demo/dark/vendors/flag-icon-css/flags/1x1/ng.svg]
[coreui.io/demo/dark/vendors/flag-icon-css/flags/4x3/ni.svg]
[coreui.io/demo/dark/vendors/flag-icon-css/flags/1x1/ni.svg]
[coreui.io/demo/dark/vendors/flag-icon-css/flags/4x3/nl.svg]
[coreui.io/demo/dark/vendors/flag-icon-css/flags/1x1/nl.svg]
[coreui.io/demo/dark/vendors/flag-icon-css/flags/4x3/no.svg]
[coreui.io/demo/dark/vendors/flag-icon-css/flags/1x1/no.svg]
[coreui.io/demo/dark/vendors/flag-icon-css/flags/4x3/np.svg]
[coreui.io/demo/dark/vendors/flag-icon-css/flags/1x1/np.svg]
[coreui.io/demo/dark/vendors/flag-icon-css/flags/4x3/nr.svg]
[coreui.io/demo/dark/vendors/flag-icon-css/flags/1x1/nr.svg]
[coreui.io/demo/dark/vendors/flag-icon-css/flags/4x3/nu.svg]
[coreui.io/demo/dark/vendors/flag-icon-css/flags/1x1/nu.svg]
[coreui.io/demo/dark/vendors/flag-icon-css/flags/4x3/nz.svg]
[coreui.io/demo/dark/vendors/flag-icon-css/flags/1x1/nz.svg]
[coreui.io/demo/dark/vendors/flag-icon-css/flags/4x3/om.svg]
[coreui.io/demo/dark/vendors/flag-icon-css/flags/1x1/om.svg]
[coreui.io/demo/dark/vendors/flag-icon-css/flags/4x3/pa.svg]
[coreui.io/demo/dark/vendors/flag-icon-css/flags/1x1/pa.svg]
[coreui.io/demo/dark/vendors/flag-icon-css/flags/4x3/pe.svg]
[coreui.io/demo/dark/vendors/flag-icon-css/flags/1x1/pe.svg]
[coreui.io/demo/dark/vendors/flag-icon-css/flags/4x3/pf.svg]
[coreui.io/demo/dark/vendors/flag-icon-css/flags/1x1/pf.svg]
[coreui.io/demo/dark/vendors/flag-icon-css/flags/4x3/pg.svg]
[coreui.io/demo/dark/vendors/flag-icon-css/flags/1x1/pg.svg]
[coreui.io/demo/dark/vendors/flag-icon-css/flags/4x3/ph.svg]
[coreui.io/demo/dark/vendors/flag-icon-css/flags/1x1/ph.svg]
[coreui.io/demo/dark/vendors/flag-icon-css/flags/4x3/pk.svg]
[coreui.io/demo/dark/vendors/flag-icon-css/flags/1x1/pk.svg]
[coreui.io/demo/dark/vendors/flag-icon-css/flags/4x3/pl.svg]
[coreui.io/demo/dark/vendors/flag-icon-css/flags/1x1/pl.svg]
[coreui.io/demo/dark/vendors/flag-icon-css/flags/4x3/pm.svg]
[coreui.io/demo/dark/vendors/flag-icon-css/flags/1x1/pm.svg]
[coreui.io/demo/dark/vendors/flag-icon-css/flags/4x3/pn.svg]
[coreui.io/demo/dark/vendors/flag-icon-css/flags/1x1/pn.svg]
[coreui.io/demo/dark/vendors/flag-icon-css/flags/4x3/pr.svg]
[coreui.io/demo/dark/vendors/flag-icon-css/flags/1x1/pr.svg]
[coreui.io/demo/dark/vendors/flag-icon-css/flags/4x3/ps.svg]
[coreui.io/demo/dark/vendors/flag-icon-css/flags/1x1/ps.svg]
[coreui.io/demo/dark/vendors/flag-icon-css/flags/4x3/pt.svg]
[coreui.io/demo/dark/vendors/flag-icon-css/flags/1x1/pt.svg]
[coreui.io/demo/dark/vendors/flag-icon-css/flags/4x3/pw.svg]
[coreui.io/demo/dark/vendors/flag-icon-css/flags/1x1/pw.svg]
[coreui.io/demo/dark/vendors/flag-icon-css/flags/4x3/py.svg]
[coreui.io/demo/dark/vendors/flag-icon-css/flags/1x1/py.svg]
[coreui.io/demo/dark/vendors/flag-icon-css/flags/4x3/qa.svg]
[coreui.io/demo/dark/vendors/flag-icon-css/flags/1x1/qa.svg]
[coreui.io/demo/dark/vendors/flag-icon-css/flags/4x3/re.svg]
[coreui.io/demo/dark/vendors/flag-icon-css/flags/1x1/re.svg]
[coreui.io/demo/dark/vendors/flag-icon-css/flags/4x3/ro.svg]
[coreui.io/demo/dark/vendors/flag-icon-css/flags/1x1/ro.svg]
[coreui.io/demo/dark/vendors/flag-icon-css/flags/4x3/rs.svg]
[coreui.io/demo/dark/vendors/flag-icon-css/flags/1x1/rs.svg]
[coreui.io/demo/dark/vendors/flag-icon-css/flags/4x3/ru.svg]
[coreui.io/demo/dark/vendors/flag-icon-css/flags/1x1/ru.svg]
[coreui.io/demo/dark/vendors/flag-icon-css/flags/4x3/rw.svg]
[coreui.io/demo/dark/vendors/flag-icon-css/flags/1x1/rw.svg]
[coreui.io/demo/dark/vendors/flag-icon-css/flags/4x3/sa.svg]
[coreui.io/demo/dark/vendors/flag-icon-css/flags/1x1/sa.svg]
[coreui.io/demo/dark/vendors/flag-icon-css/flags/4x3/sb.svg]
[coreui.io/demo/dark/vendors/flag-icon-css/flags/1x1/sb.svg]
[coreui.io/demo/dark/vendors/flag-icon-css/flags/4x3/sc.svg]
[coreui.io/demo/dark/vendors/flag-icon-css/flags/1x1/sc.svg]
[coreui.io/demo/dark/vendors/flag-icon-css/flags/4x3/sd.svg]
[coreui.io/demo/dark/vendors/flag-icon-css/flags/1x1/sd.svg]
[coreui.io/demo/dark/vendors/flag-icon-css/flags/4x3/se.svg]
[coreui.io/demo/dark/vendors/flag-icon-css/flags/1x1/se.svg]
[coreui.io/demo/dark/vendors/flag-icon-css/flags/4x3/sg.svg]
[coreui.io/demo/dark/vendors/flag-icon-css/flags/1x1/sg.svg]
[coreui.io/demo/dark/vendors/flag-icon-css/flags/4x3/sh.svg]
[coreui.io/demo/dark/vendors/flag-icon-css/flags/1x1/sh.svg]
[coreui.io/demo/dark/vendors/flag-icon-css/flags/4x3/si.svg]
[coreui.io/demo/dark/vendors/flag-icon-css/flags/1x1/si.svg]
[coreui.io/demo/dark/vendors/flag-icon-css/flags/4x3/sj.svg]
[coreui.io/demo/dark/vendors/flag-icon-css/flags/1x1/sj.svg]
[coreui.io/demo/dark/vendors/flag-icon-css/flags/4x3/sk.svg]
[coreui.io/demo/dark/vendors/flag-icon-css/flags/1x1/sk.svg]
[coreui.io/demo/dark/vendors/flag-icon-css/flags/4x3/sl.svg]
[coreui.io/demo/dark/vendors/flag-icon-css/flags/1x1/sl.svg]
[coreui.io/demo/dark/vendors/flag-icon-css/flags/4x3/sm.svg]
[coreui.io/demo/dark/vendors/flag-icon-css/flags/1x1/sm.svg]
[coreui.io/demo/dark/vendors/flag-icon-css/flags/4x3/sn.svg]
[coreui.io/demo/dark/vendors/flag-icon-css/flags/1x1/sn.svg]
[coreui.io/demo/dark/vendors/flag-icon-css/flags/4x3/so.svg]
[coreui.io/demo/dark/vendors/flag-icon-css/flags/1x1/so.svg]
[coreui.io/demo/dark/vendors/flag-icon-css/flags/4x3/sr.svg]
[coreui.io/demo/dark/vendors/flag-icon-css/flags/1x1/sr.svg]
[coreui.io/demo/dark/vendors/flag-icon-css/flags/4x3/ss.svg]
[coreui.io/demo/dark/vendors/flag-icon-css/flags/1x1/ss.svg]
[coreui.io/demo/dark/vendors/flag-icon-css/flags/4x3/st.svg]
[coreui.io/demo/dark/vendors/flag-icon-css/flags/1x1/st.svg]
[coreui.io/demo/dark/vendors/flag-icon-css/flags/4x3/sv.svg]
[coreui.io/demo/dark/vendors/flag-icon-css/flags/1x1/sv.svg]
[coreui.io/demo/dark/vendors/flag-icon-css/flags/4x3/sx.svg]
[coreui.io/demo/dark/vendors/flag-icon-css/flags/1x1/sx.svg]
[coreui.io/demo/dark/vendors/flag-icon-css/flags/4x3/sy.svg]
[coreui.io/demo/dark/vendors/flag-icon-css/flags/1x1/sy.svg]
[coreui.io/demo/dark/vendors/flag-icon-css/flags/4x3/sz.svg]
[coreui.io/demo/dark/vendors/flag-icon-css/flags/1x1/sz.svg]
[coreui.io/demo/dark/vendors/flag-icon-css/flags/4x3/tc.svg]
[coreui.io/demo/dark/vendors/flag-icon-css/flags/1x1/tc.svg]
[coreui.io/demo/dark/vendors/flag-icon-css/flags/4x3/td.svg]
[coreui.io/demo/dark/vendors/flag-icon-css/flags/1x1/td.svg]
[coreui.io/demo/dark/vendors/flag-icon-css/flags/4x3/tf.svg]
[coreui.io/demo/dark/vendors/flag-icon-css/flags/1x1/tf.svg]
[coreui.io/demo/dark/vendors/flag-icon-css/flags/4x3/tg.svg]
[coreui.io/demo/dark/vendors/flag-icon-css/flags/1x1/tg.svg]
[coreui.io/demo/dark/vendors/flag-icon-css/flags/4x3/th.svg]
[coreui.io/demo/dark/vendors/flag-icon-css/flags/1x1/th.svg]
[coreui.io/demo/dark/vendors/flag-icon-css/flags/4x3/tj.svg]
[coreui.io/demo/dark/vendors/flag-icon-css/flags/1x1/tj.svg]
[coreui.io/demo/dark/vendors/flag-icon-css/flags/4x3/tk.svg]
[coreui.io/demo/dark/vendors/flag-icon-css/flags/1x1/tk.svg]
[coreui.io/demo/dark/vendors/flag-icon-css/flags/4x3/tl.svg]
[coreui.io/demo/dark/vendors/flag-icon-css/flags/1x1/tl.svg]
[coreui.io/demo/dark/vendors/flag-icon-css/flags/4x3/tm.svg]
[coreui.io/demo/dark/vendors/flag-icon-css/flags/1x1/tm.svg]
[coreui.io/demo/dark/vendors/flag-icon-css/flags/4x3/tn.svg]
[coreui.io/demo/dark/vendors/flag-icon-css/flags/1x1/tn.svg]
[coreui.io/demo/dark/vendors/flag-icon-css/flags/4x3/to.svg]
[coreui.io/demo/dark/vendors/flag-icon-css/flags/1x1/to.svg]
[coreui.io/demo/dark/vendors/flag-icon-css/flags/4x3/tr.svg]
[coreui.io/demo/dark/vendors/flag-icon-css/flags/1x1/tr.svg]
[coreui.io/demo/dark/vendors/flag-icon-css/flags/4x3/tt.svg]
[coreui.io/demo/dark/vendors/flag-icon-css/flags/1x1/tt.svg]
[coreui.io/demo/dark/vendors/flag-icon-css/flags/4x3/tv.svg]
[coreui.io/demo/dark/vendors/flag-icon-css/flags/1x1/tv.svg]
[coreui.io/demo/dark/vendors/flag-icon-css/flags/4x3/tw.svg]
[coreui.io/demo/dark/vendors/flag-icon-css/flags/1x1/tw.svg]
[coreui.io/demo/dark/vendors/flag-icon-css/flags/4x3/tz.svg]
[coreui.io/demo/dark/vendors/flag-icon-css/flags/1x1/tz.svg]
[coreui.io/demo/dark/vendors/flag-icon-css/flags/4x3/ua.svg]
[coreui.io/demo/dark/vendors/flag-icon-css/flags/1x1/ua.svg]
[coreui.io/demo/dark/vendors/flag-icon-css/flags/4x3/ug.svg]
[coreui.io/demo/dark/vendors/flag-icon-css/flags/1x1/ug.svg]
[coreui.io/demo/dark/vendors/flag-icon-css/flags/4x3/um.svg]
[coreui.io/demo/dark/vendors/flag-icon-css/flags/1x1/um.svg]
[coreui.io/demo/dark/vendors/flag-icon-css/flags/4x3/us.svg]
[coreui.io/demo/dark/vendors/flag-icon-css/flags/1x1/us.svg]
[coreui.io/demo/dark/vendors/flag-icon-css/flags/4x3/uy.svg]
[coreui.io/demo/dark/vendors/flag-icon-css/flags/1x1/uy.svg]
[coreui.io/demo/dark/vendors/flag-icon-css/flags/4x3/uz.svg]
[coreui.io/demo/dark/vendors/flag-icon-css/flags/1x1/uz.svg]
[coreui.io/demo/dark/vendors/flag-icon-css/flags/4x3/va.svg]
[coreui.io/demo/dark/vendors/flag-icon-css/flags/1x1/va.svg]
[coreui.io/demo/dark/vendors/flag-icon-css/flags/4x3/vc.svg]
[coreui.io/demo/dark/vendors/flag-icon-css/flags/1x1/vc.svg]
[coreui.io/demo/dark/vendors/flag-icon-css/flags/4x3/ve.svg]
[coreui.io/demo/dark/vendors/flag-icon-css/flags/1x1/ve.svg]
[coreui.io/demo/dark/vendors/flag-icon-css/flags/4x3/vg.svg]
[coreui.io/demo/dark/vendors/flag-icon-css/flags/1x1/vg.svg]
[coreui.io/demo/dark/vendors/flag-icon-css/flags/4x3/vi.svg]
[coreui.io/demo/dark/vendors/flag-icon-css/flags/1x1/vi.svg]
[coreui.io/demo/dark/vendors/flag-icon-css/flags/4x3/vn.svg]
[coreui.io/demo/dark/vendors/flag-icon-css/flags/1x1/vn.svg]
[coreui.io/demo/dark/vendors/flag-icon-css/flags/4x3/vu.svg]
[coreui.io/demo/dark/vendors/flag-icon-css/flags/1x1/vu.svg]
[coreui.io/demo/dark/vendors/flag-icon-css/flags/4x3/wf.svg]
[coreui.io/demo/dark/vendors/flag-icon-css/flags/1x1/wf.svg]
[coreui.io/demo/dark/vendors/flag-icon-css/flags/4x3/ws.svg]
[coreui.io/demo/dark/vendors/flag-icon-css/flags/1x1/ws.svg]
[coreui.io/demo/dark/vendors/flag-icon-css/flags/4x3/ye.svg]
[coreui.io/demo/dark/vendors/flag-icon-css/flags/1x1/ye.svg]
[coreui.io/demo/dark/vendors/flag-icon-css/flags/4x3/yt.svg]
[coreui.io/demo/dark/vendors/flag-icon-css/flags/1x1/yt.svg]
[coreui.io/demo/dark/vendors/flag-icon-css/flags/4x3/za.svg]
[coreui.io/demo/dark/vendors/flag-icon-css/flags/1x1/za.svg]
[coreui.io/demo/dark/vendors/flag-icon-css/flags/4x3/zm.svg]
[coreui.io/demo/dark/vendors/flag-icon-css/flags/1x1/zm.svg]
[coreui.io/demo/dark/vendors/flag-icon-css/flags/4x3/zw.svg]
[coreui.io/demo/dark/vendors/flag-icon-css/flags/1x1/zw.svg]
[coreui.io/demo/dark/vendors/flag-icon-css/flags/4x3/es-ct.svg]
[coreui.io/demo/dark/vendors/flag-icon-css/flags/1x1/es-ct.svg]
[coreui.io/demo/dark/vendors/flag-icon-css/flags/4x3/eu.svg]
[coreui.io/demo/dark/vendors/flag-icon-css/flags/1x1/eu.svg]
[coreui.io/demo/dark/vendors/flag-icon-css/flags/4x3/gb-eng.svg]
[coreui.io/demo/dark/vendors/flag-icon-css/flags/1x1/gb-eng.svg]
[coreui.io/demo/dark/vendors/flag-icon-css/flags/4x3/gb-nir.svg]
[coreui.io/demo/dark/vendors/flag-icon-css/flags/1x1/gb-nir.svg]
[coreui.io/demo/dark/vendors/flag-icon-css/flags/4x3/gb-sct.svg]
[coreui.io/demo/dark/vendors/flag-icon-css/flags/1x1/gb-sct.svg]
[coreui.io/demo/dark/vendors/flag-icon-css/flags/4x3/gb-wls.svg]
[coreui.io/demo/dark/vendors/flag-icon-css/flags/1x1/gb-wls.svg]
[coreui.io/demo/dark/vendors/flag-icon-css/flags/4x3/un.svg]
[coreui.io/demo/dark/vendors/flag-icon-css/flags/1x1/un.svg]
[coreui.io/demo/dark/vendors/font-awesome/fonts/fontawesome-webfont3e6e.svg]
[coreui.io/demo/dark/vendors/simple-line-icons/fonts/Simple-Line-Iconsb26c.svg]
[/vendors/@coreui/icons/css/coreui-icons.min.css]
[/vendors/flag-icon-css/css/flag-icon.min.css]
[/vendors/font-awesome/css/font-awesome.min.css]
[/vendors/simple-line-icons/css/simple-line-icons.css]
[/css/style.css]
[/vendors/pace-progress/css/pace.min.css]
[/vendors/jquery/js/jquery.min.js]
[/vendors/popper.js/js/popper.min.js]
[/vendors/bootstrap/js/bootstrap.min.js]
[/vendors/pace-progress/js/pace.min.js]
[/vendors/perfect-scrollbar/js/perfect-scrollbar.min.js]
[/vendors/@coreui/coreui-pro/js/coreui.min.js]
