[demos.creative-tim.com/light-bootstrap-dashboard-pro-react/index.html]
[demos.creative-tim.com/light-bootstrap-dashboard-pro-react/manifest.json]
[demos.creative-tim.com/light-bootstrap-dashboard-pro-react/favicon.ico]
[demos.creative-tim.com/light-bootstrap-dashboard-pro-react/apple-icon.png]
[s3.amazonaws.com/creativetim_bucket/products/66/thumb/opt_lbdp_react_thumbnail.jpg]
[backblue.gif]
[fade.gif]
[index.html]
[maxcdn.bootstrapcdn.com/font-awesome/latest/css/font-awesome.min.css]
[www.googletagmanager.com/gtm26b6.js]
[demos.creative-tim.com/light-bootstrap-dashboard-pro-react/static/css/2.15fd917e.chunk.css]
[demos.creative-tim.com/light-bootstrap-dashboard-pro-react/static/css/main.a3666efc.chunk.css]
[connect.facebook.net/en_US/fbevents.js]
[demos.creative-tim.com/light-bootstrap-dashboard-pro-react/index.html]
[demos.creative-tim.com/light-bootstrap-dashboard-pro-react/favicon.html]
[maxcdn.bootstrapcdn.com/font-awesome/latest/css/font-awesome.min.css]
[demos.creative-tim.com/light-bootstrap-dashboard-pro-react/static/js/main.2737b651.chunk.js]
[demos.creative-tim.com/light-bootstrap-dashboard-pro-react/static/js/2.02e2df0c.chunk.js]
[demos.creative-tim.com/light-bootstrap-dashboard-pro-react/static/media/glyphicons-halflings-regular.f4769f9b.eot]
[demos.creative-tim.com/light-bootstrap-dashboard-pro-react/static/media/glyphicons-halflings-regular.f4769f9bd41d.eot]
[demos.creative-tim.com/light-bootstrap-dashboard-pro-react/static/media/glyphicons-halflings-regular.448c34a5.woff2]
[demos.creative-tim.com/light-bootstrap-dashboard-pro-react/static/media/glyphicons-halflings-regular.fa277232.woff]
[demos.creative-tim.com/light-bootstrap-dashboard-pro-react/static/media/glyphicons-halflings-regular.e18bbf61.ttf]
[demos.creative-tim.com/light-bootstrap-dashboard-pro-react/static/media/glyphicons-halflings-regular.89889688.svg]
[demos.creative-tim.com/light-bootstrap-dashboard-pro-react/static/css/2.15fd917e.chunk.css]
[demos.creative-tim.com/light-bootstrap-dashboard-pro-react/static/media/Pe-icon-7-stroke.71394c0c.eot]
[demos.creative-tim.com/light-bootstrap-dashboard-pro-react/static/media/Pe-icon-7-stroke.71394c0cd41d.eot]
[demos.creative-tim.com/light-bootstrap-dashboard-pro-react/static/media/Pe-icon-7-stroke.b38ef310.woff]
[demos.creative-tim.com/light-bootstrap-dashboard-pro-react/static/media/Pe-icon-7-stroke.01798bc1.ttf]
[demos.creative-tim.com/light-bootstrap-dashboard-pro-react/static/css/main.a3666efc.chunk.css]
[demos.creative-tim.com/light-bootstrap-dashboard-pro-react/static/media/Pe-icon-7-stroke.c45f7de0.svg]
[demos.creative-tim.com/light-bootstrap-dashboard-pro-react/POST]
[connect.facebook.net/en_US/fbevents.js]
[demos.creative-tim.com/light-bootstrap-dashboard-pro-react/static/media/glyphicons-halflings-regular.89889688.svg]
[demos.creative-tim.com/light-bootstrap-dashboard-pro-react/static/media/Pe-icon-7-stroke.c45f7de0.svg]
[demos.creative-tim.com/light-bootstrap-dashboard-pro-react/POST.html]
